Archive member included because of file (symbol)

../nios_intrpt_bsp/\libhal_bsp.a(alt_iic.o)
                              obj/default/hello_world_small.o (alt_ic_isr_register)
../nios_intrpt_bsp/\libhal_bsp.a(alt_iic_isr_register.o)
                              ../nios_intrpt_bsp/\libhal_bsp.a(alt_iic.o) (alt_iic_isr_register)
../nios_intrpt_bsp/\libhal_bsp.a(alt_irq_entry.o)
                              ../nios_intrpt_bsp/\libhal_bsp.a(alt_iic_isr_register.o) (alt_irq_entry)
../nios_intrpt_bsp/\libhal_bsp.a(alt_irq_handler.o)
                              ../nios_intrpt_bsp/\libhal_bsp.a(alt_iic_isr_register.o) (alt_irq_handler)
../nios_intrpt_bsp/\libhal_bsp.a(alt_irq_vars.o)
                              ../nios_intrpt_bsp/\libhal_bsp.a(alt_iic.o) (alt_irq_active)
../nios_intrpt_bsp/\libhal_bsp.a(alt_load.o)
                              ../nios_intrpt_bsp//obj/HAL/src/crt0.o (alt_load)
../nios_intrpt_bsp/\libhal_bsp.a(alt_main.o)
                              ../nios_intrpt_bsp//obj/HAL/src/crt0.o (alt_main)
../nios_intrpt_bsp/\libhal_bsp.a(alt_putstr.o)
                              obj/default/hello_world_small.o (alt_putstr)
../nios_intrpt_bsp/\libhal_bsp.a(alt_usleep.o)
                              obj/default/hello_world_small.o (usleep)
../nios_intrpt_bsp/\libhal_bsp.a(alt_sys_init.o)
                              ../nios_intrpt_bsp/\libhal_bsp.a(alt_main.o) (alt_sys_init)
../nios_intrpt_bsp/\libhal_bsp.a(altera_avalon_jtag_uart_write.o)
                              ../nios_intrpt_bsp/\libhal_bsp.a(alt_putstr.o) (altera_avalon_jtag_uart_write)
../nios_intrpt_bsp/\libhal_bsp.a(alt_busy_sleep.o)
                              ../nios_intrpt_bsp/\libhal_bsp.a(alt_usleep.o) (alt_busy_sleep)
../nios_intrpt_bsp/\libhal_bsp.a(alt_dcache_flush_all.o)
                              ../nios_intrpt_bsp/\libhal_bsp.a(alt_load.o) (alt_dcache_flush_all)
../nios_intrpt_bsp/\libhal_bsp.a(alt_exception_entry.o)
                              ../nios_intrpt_bsp/\libhal_bsp.a(alt_irq_entry.o) (alt_exception)
../nios_intrpt_bsp/\libhal_bsp.a(alt_icache_flush_all.o)
                              ../nios_intrpt_bsp/\libhal_bsp.a(alt_load.o) (alt_icache_flush_all)
../nios_intrpt_bsp/\libhal_bsp.a(altera_nios2_qsys_irq.o)
                              ../nios_intrpt_bsp/\libhal_bsp.a(alt_sys_init.o) (altera_nios2_qsys_irq_init)
c:/altera/13.0sp1/nios2eds/bin/gnu/h-i686-mingw32/bin/../lib/gcc/nios2-elf/4.1.2/../../../../nios2-elf/lib/mno-hw-mul\libsmallc.a(lib_a-strlen.o)
                              ../nios_intrpt_bsp/\libhal_bsp.a(alt_putstr.o) (strlen)
c:/altera/13.0sp1/nios2eds/bin/gnu/h-i686-mingw32/bin/../lib/gcc/nios2-elf/4.1.2/mno-hw-mul\libgcc.a(lib2-divmod.o)
                              ../nios_intrpt_bsp/\libhal_bsp.a(alt_busy_sleep.o) (__udivsi3)
c:/altera/13.0sp1/nios2eds/bin/gnu/h-i686-mingw32/bin/../lib/gcc/nios2-elf/4.1.2/mno-hw-mul\libgcc.a(lib2-mul.o)
                              ../nios_intrpt_bsp/\libhal_bsp.a(alt_busy_sleep.o) (__mulsi3)

Allocating common symbols
Common symbol       size              file

alt_irq             0x100             ../nios_intrpt_bsp/\libhal_bsp.a(alt_irq_handler.o)
edge_capture        0x4               obj/default/hello_world_small.o
flag_irq            0x4               obj/default/hello_world_small.o

Memory Configuration

Name             Origin             Length             Attributes
reset            0x00008000         0x00000020
onchip_memory2_0 0x00008020         0x00004e00
*default*        0x00000000         0xffffffff

Linker script and memory map

LOAD ../nios_intrpt_bsp//obj/HAL/src/crt0.o
                0x0000800c                exit = _exit
LOAD obj/default/hello_world_small.o
LOAD c:/altera/13.0sp1/nios2eds/bin/gnu/h-i686-mingw32/bin/../lib/gcc/nios2-elf/4.1.2/../../../../nios2-elf/lib/mno-hw-mul\libstdc++.a
LOAD c:/altera/13.0sp1/nios2eds/bin/gnu/h-i686-mingw32/bin/../lib/gcc/nios2-elf/4.1.2/../../../../nios2-elf/lib/mno-hw-mul\libm.a
LOAD c:/altera/13.0sp1/nios2eds/bin/gnu/h-i686-mingw32/bin/../lib/gcc/nios2-elf/4.1.2/mno-hw-mul\libgcc.a
START GROUP
LOAD c:/altera/13.0sp1/nios2eds/bin/gnu/h-i686-mingw32/bin/../lib/gcc/nios2-elf/4.1.2/../../../../nios2-elf/lib/mno-hw-mul\libsmallc.a
LOAD c:/altera/13.0sp1/nios2eds/bin/gnu/h-i686-mingw32/bin/../lib/gcc/nios2-elf/4.1.2/mno-hw-mul\libgcc.a
LOAD ../nios_intrpt_bsp/\libhal_bsp.a
END GROUP
LOAD c:/altera/13.0sp1/nios2eds/bin/gnu/h-i686-mingw32/bin/../lib/gcc/nios2-elf/4.1.2/mno-hw-mul\libgcc.a
                0x00008000                __alt_mem_onchip_memory2_0 = 0x8000

.entry          0x00008000       0x20
 *(.entry)
 .entry         0x00008000       0x20 ../nios_intrpt_bsp//obj/HAL/src/crt0.o
                0x00008000                __reset
                0x0000800c                _exit

.exceptions     0x00008020      0x120
                0x00008020                PROVIDE (__ram_exceptions_start, ABSOLUTE (.))
                0x00008020                . = ALIGN (0x20)
 *(.irq)
 *(.exceptions.entry.label)
 .exceptions.entry.label
                0x00008020        0x0 ../nios_intrpt_bsp/\libhal_bsp.a(alt_irq_entry.o)
                0x00008020                alt_irq_entry
 .exceptions.entry.label
                0x00008020        0x0 ../nios_intrpt_bsp/\libhal_bsp.a(alt_exception_entry.o)
                0x00008020                alt_exception
 *(.exceptions.entry.user)
 *(.exceptions.entry)
 .exceptions.entry
                0x00008020       0x54 ../nios_intrpt_bsp/\libhal_bsp.a(alt_exception_entry.o)
 *(.exceptions.irqtest.user)
 *(.exceptions.irqtest)
 .exceptions.irqtest
                0x00008074       0x10 ../nios_intrpt_bsp/\libhal_bsp.a(alt_irq_entry.o)
 *(.exceptions.irqhandler.user)
 *(.exceptions.irqhandler)
 .exceptions.irqhandler
                0x00008084        0x4 ../nios_intrpt_bsp/\libhal_bsp.a(alt_irq_entry.o)
 *(.exceptions.irqreturn.user)
 *(.exceptions.irqreturn)
 .exceptions.irqreturn
                0x00008088        0x4 ../nios_intrpt_bsp/\libhal_bsp.a(alt_irq_entry.o)
 *(.exceptions.notirq.label)
 .exceptions.notirq.label
                0x0000808c        0x0 ../nios_intrpt_bsp/\libhal_bsp.a(alt_irq_entry.o)
 *(.exceptions.notirq.user)
 *(.exceptions.notirq)
 .exceptions.notirq
                0x0000808c        0x8 ../nios_intrpt_bsp/\libhal_bsp.a(alt_exception_entry.o)
 *(.exceptions.soft.user)
 *(.exceptions.soft)
 *(.exceptions.unknown.user)
 *(.exceptions.unknown)
 .exceptions.unknown
                0x00008094        0x4 ../nios_intrpt_bsp/\libhal_bsp.a(alt_exception_entry.o)
 *(.exceptions.exit.label)
 .exceptions.exit.label
                0x00008098        0x0 ../nios_intrpt_bsp/\libhal_bsp.a(alt_irq_entry.o)
 .exceptions.exit.label
                0x00008098        0x0 ../nios_intrpt_bsp/\libhal_bsp.a(alt_exception_entry.o)
 *(.exceptions.exit.user)
 *(.exceptions.exit)
 .exceptions.exit
                0x00008098       0x54 ../nios_intrpt_bsp/\libhal_bsp.a(alt_exception_entry.o)
 *(.exceptions)
 .exceptions    0x000080ec       0x54 ../nios_intrpt_bsp/\libhal_bsp.a(alt_irq_handler.o)
                0x000080ec                alt_irq_handler
                0x00008140                PROVIDE (__ram_exceptions_end, ABSOLUTE (.))
                0x00008020                PROVIDE (__flash_exceptions_start, LOADADDR (.exceptions))

.text           0x00008140      0x5d8
                0x00008140                PROVIDE (stext, ABSOLUTE (.))
 *(.interp)
 *(.hash)
 *(.dynsym)
 *(.dynstr)
 *(.gnu.version)
 *(.gnu.version_d)
 *(.gnu.version_r)
 *(.rel.init)
 *(.rela.init)
 *(.rel.text .rel.text.* .rel.gnu.linkonce.t.*)
 *(.rela.text .rela.text.* .rela.gnu.linkonce.t.*)
 *(.rel.fini)
 *(.rela.fini)
 *(.rel.rodata .rel.rodata.* .rel.gnu.linkonce.r.*)
 *(.rela.rodata .rela.rodata.* .rela.gnu.linkonce.r.*)
 *(.rel.data .rel.data.* .rel.gnu.linkonce.d.*)
 *(.rela.data .rela.data.* .rela.gnu.linkonce.d.*)
 *(.rel.tdata .rel.tdata.* .rel.gnu.linkonce.td.*)
 *(.rela.tdata .rela.tdata.* .rela.gnu.linkonce.td.*)
 *(.rel.tbss .rel.tbss.* .rel.gnu.linkonce.tb.*)
 *(.rela.tbss .rela.tbss.* .rela.gnu.linkonce.tb.*)
 *(.rel.ctors)
 *(.rela.ctors)
 *(.rel.dtors)
 *(.rela.dtors)
 *(.rel.got)
 *(.rela.got)
 *(.rel.sdata .rel.sdata.* .rel.gnu.linkonce.s.*)
 *(.rela.sdata .rela.sdata.* .rela.gnu.linkonce.s.*)
 *(.rel.sbss .rel.sbss.* .rel.gnu.linkonce.sb.*)
 *(.rela.sbss .rela.sbss.* .rela.gnu.linkonce.sb.*)
 *(.rel.sdata2 .rel.sdata2.* .rel.gnu.linkonce.s2.*)
 *(.rela.sdata2 .rela.sdata2.* .rela.gnu.linkonce.s2.*)
 *(.rel.sbss2 .rel.sbss2.* .rel.gnu.linkonce.sb2.*)
 *(.rela.sbss2 .rela.sbss2.* .rela.gnu.linkonce.sb2.*)
 *(.rel.bss .rel.bss.* .rel.gnu.linkonce.b.*)
 *(.rela.bss .rela.bss.* .rela.gnu.linkonce.b.*)
 *(.rel.plt)
 *(.rela.plt)
 *(.rel.dyn)
 *(.init)
 *(.plt)
 *(.text .stub .text.* .gnu.linkonce.t.*)
 .text          0x00008140       0x3c ../nios_intrpt_bsp//obj/HAL/src/crt0.o
                0x00008140                _start
 .text          0x0000817c      0x108 obj/default/hello_world_small.o
                0x000081a0                init_pio
                0x000081ec                main
 .text          0x00008284       0x9c ../nios_intrpt_bsp/\libhal_bsp.a(alt_iic.o)
                0x00008284                alt_ic_irq_enabled
                0x0000829c                alt_ic_irq_enable
                0x000082dc                alt_ic_irq_disable
                0x0000831c                alt_ic_isr_register
 .text          0x00008320       0x6c ../nios_intrpt_bsp/\libhal_bsp.a(alt_iic_isr_register.o)
                0x00008320                alt_iic_isr_register
 .text          0x0000838c        0x0 ../nios_intrpt_bsp/\libhal_bsp.a(alt_irq_entry.o)
 .text          0x0000838c        0x0 ../nios_intrpt_bsp/\libhal_bsp.a(alt_irq_handler.o)
 .text          0x0000838c        0x0 ../nios_intrpt_bsp/\libhal_bsp.a(alt_irq_vars.o)
 .text          0x0000838c       0x8c ../nios_intrpt_bsp/\libhal_bsp.a(alt_load.o)
                0x000083ac                alt_load
 .text          0x00008418       0x2c ../nios_intrpt_bsp/\libhal_bsp.a(alt_main.o)
                0x00008418                alt_main
 .text          0x00008444       0x38 ../nios_intrpt_bsp/\libhal_bsp.a(alt_putstr.o)
                0x00008444                alt_putstr
 .text          0x0000847c        0x4 ../nios_intrpt_bsp/\libhal_bsp.a(alt_usleep.o)
                0x0000847c                usleep
 .text          0x00008480       0x24 ../nios_intrpt_bsp/\libhal_bsp.a(alt_sys_init.o)
                0x00008480                alt_sys_init
                0x00008484                alt_irq_init
 .text          0x000084a4       0x34 ../nios_intrpt_bsp/\libhal_bsp.a(altera_avalon_jtag_uart_write.o)
                0x000084a4                altera_avalon_jtag_uart_write
 .text          0x000084d8       0x8c ../nios_intrpt_bsp/\libhal_bsp.a(alt_busy_sleep.o)
                0x000084d8                alt_busy_sleep
 .text          0x00008564        0x4 ../nios_intrpt_bsp/\libhal_bsp.a(alt_dcache_flush_all.o)
                0x00008564                alt_dcache_flush_all
 .text          0x00008568        0x0 ../nios_intrpt_bsp/\libhal_bsp.a(alt_exception_entry.o)
 .text          0x00008568        0x4 ../nios_intrpt_bsp/\libhal_bsp.a(alt_icache_flush_all.o)
                0x00008568                alt_icache_flush_all
 .text          0x0000856c        0x8 ../nios_intrpt_bsp/\libhal_bsp.a(altera_nios2_qsys_irq.o)
                0x0000856c                altera_nios2_qsys_irq_init
 .text          0x00008574       0x20 c:/altera/13.0sp1/nios2eds/bin/gnu/h-i686-mingw32/bin/../lib/gcc/nios2-elf/4.1.2/../../../../nios2-elf/lib/mno-hw-mul\libsmallc.a(lib_a-strlen.o)
                0x00008574                strlen
 .text          0x00008594      0x14c c:/altera/13.0sp1/nios2eds/bin/gnu/h-i686-mingw32/bin/../lib/gcc/nios2-elf/4.1.2/mno-hw-mul\libgcc.a(lib2-divmod.o)
                0x00008610                __divsi3
                0x00008670                __modsi3
                0x000086d0                __udivsi3
                0x000086d8                __umodsi3
 .text          0x000086e0       0x38 c:/altera/13.0sp1/nios2eds/bin/gnu/h-i686-mingw32/bin/../lib/gcc/nios2-elf/4.1.2/mno-hw-mul\libgcc.a(lib2-mul.o)
                0x000086e0                __mulsi3
 *(.gnu.warning.*)
 *(.fini)
                0x00008718                PROVIDE (__etext, ABSOLUTE (.))
                0x00008718                PROVIDE (_etext, ABSOLUTE (.))
                0x00008718                PROVIDE (etext, ABSOLUTE (.))
 *(.eh_frame_hdr)
                0x00008718                . = ALIGN (0x4)
                0x00008718                PROVIDE (__preinit_array_start, ABSOLUTE (.))
 *(.preinit_array)
                0x00008718                PROVIDE (__preinit_array_end, ABSOLUTE (.))
                0x00008718                PROVIDE (__init_array_start, ABSOLUTE (.))
 *(.init_array)
                0x00008718                PROVIDE (__init_array_end, ABSOLUTE (.))
                0x00008718                PROVIDE (__fini_array_start, ABSOLUTE (.))
 *(.fini_array)
                0x00008718                PROVIDE (__fini_array_end, ABSOLUTE (.))
 *(.eh_frame)
 *(.gcc_except_table)
 *(.dynamic)
                0x00008718                PROVIDE (__CTOR_LIST__, ABSOLUTE (.))
 *(.ctors)
 *(SORT(.ctors.*))
                0x00008718                PROVIDE (__CTOR_END__, ABSOLUTE (.))
                0x00008718                PROVIDE (__DTOR_LIST__, ABSOLUTE (.))
 *(.dtors)
 *(SORT(.dtors.*))
                0x00008718                PROVIDE (__DTOR_END__, ABSOLUTE (.))
 *(.jcr)
                0x00008718                . = ALIGN (0x4)

.rodata         0x00008718       0x18
                0x00008718                PROVIDE (__ram_rodata_start, ABSOLUTE (.))
                0x00008718                . = ALIGN (0x4)
 *(.rodata .rodata.* .gnu.linkonce.r.*)
 .rodata.str1.4
                0x00008718       0x18 obj/default/hello_world_small.o
 *(.rodata1)
                0x00008730                . = ALIGN (0x4)
                0x00008730                PROVIDE (__ram_rodata_end, ABSOLUTE (.))
                0x00008718                PROVIDE (__flash_rodata_start, LOADADDR (.rodata))

.rwdata         0x00008730        0x8 load address 0x00008738
                0x00008730                PROVIDE (__ram_rwdata_start, ABSOLUTE (.))
                0x00008730                . = ALIGN (0x4)
 *(.got.plt)
 *(.got)
 *(.data1)
 *(.data .data.* .gnu.linkonce.d.*)
 .data          0x00008730        0x0 ../nios_intrpt_bsp//obj/HAL/src/crt0.o
 .data          0x00008730        0x0 obj/default/hello_world_small.o
 .data          0x00008730        0x0 ../nios_intrpt_bsp/\libhal_bsp.a(alt_iic.o)
 .data          0x00008730        0x0 ../nios_intrpt_bsp/\libhal_bsp.a(alt_iic_isr_register.o)
 .data          0x00008730        0x0 ../nios_intrpt_bsp/\libhal_bsp.a(alt_irq_entry.o)
 .data          0x00008730        0x0 ../nios_intrpt_bsp/\libhal_bsp.a(alt_irq_handler.o)
 .data          0x00008730        0x0 ../nios_intrpt_bsp/\libhal_bsp.a(alt_irq_vars.o)
 .data          0x00008730        0x0 ../nios_intrpt_bsp/\libhal_bsp.a(alt_load.o)
 .data          0x00008730        0x0 ../nios_intrpt_bsp/\libhal_bsp.a(alt_main.o)
 .data          0x00008730        0x0 ../nios_intrpt_bsp/\libhal_bsp.a(alt_putstr.o)
 .data          0x00008730        0x0 ../nios_intrpt_bsp/\libhal_bsp.a(alt_usleep.o)
 .data          0x00008730        0x0 ../nios_intrpt_bsp/\libhal_bsp.a(alt_sys_init.o)
 .data          0x00008730        0x0 ../nios_intrpt_bsp/\libhal_bsp.a(altera_avalon_jtag_uart_write.o)
 .data          0x00008730        0x0 ../nios_intrpt_bsp/\libhal_bsp.a(alt_busy_sleep.o)
 .data          0x00008730        0x0 ../nios_intrpt_bsp/\libhal_bsp.a(alt_dcache_flush_all.o)
 .data          0x00008730        0x0 ../nios_intrpt_bsp/\libhal_bsp.a(alt_exception_entry.o)
 .data          0x00008730        0x0 ../nios_intrpt_bsp/\libhal_bsp.a(alt_icache_flush_all.o)
 .data          0x00008730        0x0 ../nios_intrpt_bsp/\libhal_bsp.a(altera_nios2_qsys_irq.o)
 .data          0x00008730        0x0 c:/altera/13.0sp1/nios2eds/bin/gnu/h-i686-mingw32/bin/../lib/gcc/nios2-elf/4.1.2/../../../../nios2-elf/lib/mno-hw-mul\libsmallc.a(lib_a-strlen.o)
 .data          0x00008730        0x0 c:/altera/13.0sp1/nios2eds/bin/gnu/h-i686-mingw32/bin/../lib/gcc/nios2-elf/4.1.2/mno-hw-mul\libgcc.a(lib2-divmod.o)
 .data          0x00008730        0x0 c:/altera/13.0sp1/nios2eds/bin/gnu/h-i686-mingw32/bin/../lib/gcc/nios2-elf/4.1.2/mno-hw-mul\libgcc.a(lib2-mul.o)
                0x00010730                _gp = ABSOLUTE ((. + 0x8000))
                0x00010730                PROVIDE (gp, _gp)
 *(.rwdata .rwdata.*)
 *(.sdata .sdata.* .gnu.linkonce.s.*)
 .sdata         0x00008730        0x4 ../nios_intrpt_bsp/\libhal_bsp.a(alt_irq_vars.o)
                0x00008730                alt_priority_mask
 .sdata         0x00008734        0x4 ../nios_intrpt_bsp/\libhal_bsp.a(alt_sys_init.o)
                0x00008734                jtag_uart_0
 *(.sdata2 .sdata2.* .gnu.linkonce.s2.*)
                0x00008738                . = ALIGN (0x4)
                0x00008738                _edata = ABSOLUTE (.)
                0x00008738                PROVIDE (edata, ABSOLUTE (.))
                0x00008738                PROVIDE (__ram_rwdata_end, ABSOLUTE (.))
                0x00008738                PROVIDE (__flash_rwdata_start, LOADADDR (.rwdata))

.bss            0x00008740      0x118
                0x00008740                __bss_start = ABSOLUTE (.)
                0x00008740                PROVIDE (__sbss_start, ABSOLUTE (.))
                0x00008740                PROVIDE (___sbss_start, ABSOLUTE (.))
 *(.dynsbss)
 *(.sbss .sbss.* .gnu.linkonce.sb.*)
 .sbss          0x00008740        0x8 obj/default/hello_world_small.o
                0x00008740                edge_capture
                0x00008744                flag_irq
 .sbss          0x00008748        0x4 ../nios_intrpt_bsp/\libhal_bsp.a(alt_irq_vars.o)
                0x00008748                alt_irq_active
 .sbss          0x0000874c        0xc ../nios_intrpt_bsp/\libhal_bsp.a(alt_main.o)
                0x0000874c                alt_argc
                0x00008750                alt_argv
                0x00008754                alt_envp
 *(.sbss2 .sbss2.* .gnu.linkonce.sb2.*)
 *(.scommon)
                0x00008758                PROVIDE (__sbss_end, ABSOLUTE (.))
                0x00008758                PROVIDE (___sbss_end, ABSOLUTE (.))
 *(.dynbss)
 *(.bss .bss.* .gnu.linkonce.b.*)
 .bss           0x00008758        0x0 ../nios_intrpt_bsp//obj/HAL/src/crt0.o
 .bss           0x00008758        0x0 obj/default/hello_world_small.o
 .bss           0x00008758        0x0 ../nios_intrpt_bsp/\libhal_bsp.a(alt_iic.o)
 .bss           0x00008758        0x0 ../nios_intrpt_bsp/\libhal_bsp.a(alt_iic_isr_register.o)
 .bss           0x00008758        0x0 ../nios_intrpt_bsp/\libhal_bsp.a(alt_irq_entry.o)
 .bss           0x00008758        0x0 ../nios_intrpt_bsp/\libhal_bsp.a(alt_irq_handler.o)
 .bss           0x00008758        0x0 ../nios_intrpt_bsp/\libhal_bsp.a(alt_irq_vars.o)
 .bss           0x00008758        0x0 ../nios_intrpt_bsp/\libhal_bsp.a(alt_load.o)
 .bss           0x00008758        0x0 ../nios_intrpt_bsp/\libhal_bsp.a(alt_main.o)
 .bss           0x00008758        0x0 ../nios_intrpt_bsp/\libhal_bsp.a(alt_putstr.o)
 .bss           0x00008758        0x0 ../nios_intrpt_bsp/\libhal_bsp.a(alt_usleep.o)
 .bss           0x00008758        0x0 ../nios_intrpt_bsp/\libhal_bsp.a(alt_sys_init.o)
 .bss           0x00008758        0x0 ../nios_intrpt_bsp/\libhal_bsp.a(altera_avalon_jtag_uart_write.o)
 .bss           0x00008758        0x0 ../nios_intrpt_bsp/\libhal_bsp.a(alt_busy_sleep.o)
 .bss           0x00008758        0x0 ../nios_intrpt_bsp/\libhal_bsp.a(alt_dcache_flush_all.o)
 .bss           0x00008758        0x0 ../nios_intrpt_bsp/\libhal_bsp.a(alt_exception_entry.o)
 .bss           0x00008758        0x0 ../nios_intrpt_bsp/\libhal_bsp.a(alt_icache_flush_all.o)
 .bss           0x00008758        0x0 ../nios_intrpt_bsp/\libhal_bsp.a(altera_nios2_qsys_irq.o)
 .bss           0x00008758        0x0 c:/altera/13.0sp1/nios2eds/bin/gnu/h-i686-mingw32/bin/../lib/gcc/nios2-elf/4.1.2/../../../../nios2-elf/lib/mno-hw-mul\libsmallc.a(lib_a-strlen.o)
 .bss           0x00008758        0x0 c:/altera/13.0sp1/nios2eds/bin/gnu/h-i686-mingw32/bin/../lib/gcc/nios2-elf/4.1.2/mno-hw-mul\libgcc.a(lib2-divmod.o)
 .bss           0x00008758        0x0 c:/altera/13.0sp1/nios2eds/bin/gnu/h-i686-mingw32/bin/../lib/gcc/nios2-elf/4.1.2/mno-hw-mul\libgcc.a(lib2-mul.o)
 *(COMMON)
 COMMON         0x00008758      0x100 ../nios_intrpt_bsp/\libhal_bsp.a(alt_irq_handler.o)
                0x00008758                alt_irq
                0x00008858                . = ALIGN (0x4)
                0x00008858                __bss_end = ABSOLUTE (.)

.onchip_memory2_0
                0x00008858        0x0
                0x00008858                PROVIDE (_alt_partition_onchip_memory2_0_start, ABSOLUTE (.))
 *(.onchip_memory2_0. onchip_memory2_0.*)
                0x00008858                . = ALIGN (0x4)
                0x00008858                PROVIDE (_alt_partition_onchip_memory2_0_end, ABSOLUTE (.))
                0x00008858                _end = ABSOLUTE (.)
                0x00008858                end = ABSOLUTE (.)
                0x00008858                __alt_stack_base = ABSOLUTE (.)
                0x00008858                PROVIDE (_alt_partition_onchip_memory2_0_load_addr, LOADADDR (.onchip_memory2_0))

.stab
 *(.stab)

.stabstr
 *(.stabstr)

.stab.excl
 *(.stab.excl)

.stab.exclstr
 *(.stab.exclstr)

.stab.index
 *(.stab.index)

.stab.indexstr
 *(.stab.indexstr)

.comment        0x00000000       0x26
 *(.comment)
 .comment       0x00000000       0x26 obj/default/hello_world_small.o
                                 0x27 (size before relaxing)
 .comment       0x00000000       0x27 ../nios_intrpt_bsp/\libhal_bsp.a(alt_iic.o)
 .comment       0x00000000       0x27 ../nios_intrpt_bsp/\libhal_bsp.a(alt_iic_isr_register.o)
 .comment       0x00000000       0x27 ../nios_intrpt_bsp/\libhal_bsp.a(alt_irq_handler.o)
 .comment       0x00000000       0x27 ../nios_intrpt_bsp/\libhal_bsp.a(alt_irq_vars.o)
 .comment       0x00000000       0x27 ../nios_intrpt_bsp/\libhal_bsp.a(alt_load.o)
 .comment       0x00000000       0x27 ../nios_intrpt_bsp/\libhal_bsp.a(alt_main.o)
 .comment       0x00000000       0x27 ../nios_intrpt_bsp/\libhal_bsp.a(alt_putstr.o)
 .comment       0x00000000       0x27 ../nios_intrpt_bsp/\libhal_bsp.a(alt_usleep.o)
 .comment       0x00000000       0x27 ../nios_intrpt_bsp/\libhal_bsp.a(alt_sys_init.o)
 .comment       0x00000000       0x27 ../nios_intrpt_bsp/\libhal_bsp.a(altera_avalon_jtag_uart_write.o)
 .comment       0x00000000       0x27 ../nios_intrpt_bsp/\libhal_bsp.a(alt_busy_sleep.o)
 .comment       0x00000000       0x27 ../nios_intrpt_bsp/\libhal_bsp.a(alt_dcache_flush_all.o)
 .comment       0x00000000       0x27 ../nios_intrpt_bsp/\libhal_bsp.a(alt_icache_flush_all.o)
 .comment       0x00000000       0x27 ../nios_intrpt_bsp/\libhal_bsp.a(altera_nios2_qsys_irq.o)
 .comment       0x00000000       0x27 c:/altera/13.0sp1/nios2eds/bin/gnu/h-i686-mingw32/bin/../lib/gcc/nios2-elf/4.1.2/../../../../nios2-elf/lib/mno-hw-mul\libsmallc.a(lib_a-strlen.o)
 .comment       0x00000000       0x27 c:/altera/13.0sp1/nios2eds/bin/gnu/h-i686-mingw32/bin/../lib/gcc/nios2-elf/4.1.2/mno-hw-mul\libgcc.a(lib2-divmod.o)
 .comment       0x00000000       0x27 c:/altera/13.0sp1/nios2eds/bin/gnu/h-i686-mingw32/bin/../lib/gcc/nios2-elf/4.1.2/mno-hw-mul\libgcc.a(lib2-mul.o)

.debug
 *(.debug)

.line
 *(.line)

.debug_srcinfo
 *(.debug_srcinfo)

.debug_sfnames
 *(.debug_sfnames)

.debug_aranges  0x00000000      0x2b8
 *(.debug_aranges)
 .debug_aranges
                0x00000000       0x28 ../nios_intrpt_bsp//obj/HAL/src/crt0.o
 .debug_aranges
                0x00000028       0x20 obj/default/hello_world_small.o
 .debug_aranges
                0x00000048       0x20 ../nios_intrpt_bsp/\libhal_bsp.a(alt_iic.o)
 .debug_aranges
                0x00000068       0x20 ../nios_intrpt_bsp/\libhal_bsp.a(alt_iic_isr_register.o)
 .debug_aranges
                0x00000088       0x30 ../nios_intrpt_bsp/\libhal_bsp.a(alt_irq_entry.o)
 .debug_aranges
                0x000000b8       0x28 ../nios_intrpt_bsp/\libhal_bsp.a(alt_irq_handler.o)
 .debug_aranges
                0x000000e0       0x20 ../nios_intrpt_bsp/\libhal_bsp.a(alt_load.o)
 .debug_aranges
                0x00000100       0x20 ../nios_intrpt_bsp/\libhal_bsp.a(alt_main.o)
 .debug_aranges
                0x00000120       0x20 ../nios_intrpt_bsp/\libhal_bsp.a(alt_putstr.o)
 .debug_aranges
                0x00000140       0x20 ../nios_intrpt_bsp/\libhal_bsp.a(alt_usleep.o)
 .debug_aranges
                0x00000160       0x20 ../nios_intrpt_bsp/\libhal_bsp.a(alt_sys_init.o)
 .debug_aranges
                0x00000180       0x20 ../nios_intrpt_bsp/\libhal_bsp.a(altera_avalon_jtag_uart_write.o)
 .debug_aranges
                0x000001a0       0x20 ../nios_intrpt_bsp/\libhal_bsp.a(alt_busy_sleep.o)
 .debug_aranges
                0x000001c0       0x20 ../nios_intrpt_bsp/\libhal_bsp.a(alt_dcache_flush_all.o)
 .debug_aranges
                0x000001e0       0x38 ../nios_intrpt_bsp/\libhal_bsp.a(alt_exception_entry.o)
 .debug_aranges
                0x00000218       0x20 ../nios_intrpt_bsp/\libhal_bsp.a(alt_icache_flush_all.o)
 .debug_aranges
                0x00000238       0x20 ../nios_intrpt_bsp/\libhal_bsp.a(altera_nios2_qsys_irq.o)
 .debug_aranges
                0x00000258       0x20 c:/altera/13.0sp1/nios2eds/bin/gnu/h-i686-mingw32/bin/../lib/gcc/nios2-elf/4.1.2/../../../../nios2-elf/lib/mno-hw-mul\libsmallc.a(lib_a-strlen.o)
 .debug_aranges
                0x00000278       0x20 c:/altera/13.0sp1/nios2eds/bin/gnu/h-i686-mingw32/bin/../lib/gcc/nios2-elf/4.1.2/mno-hw-mul\libgcc.a(lib2-divmod.o)
 .debug_aranges
                0x00000298       0x20 c:/altera/13.0sp1/nios2eds/bin/gnu/h-i686-mingw32/bin/../lib/gcc/nios2-elf/4.1.2/mno-hw-mul\libgcc.a(lib2-mul.o)

.debug_pubnames
                0x00000000      0x397
 *(.debug_pubnames)
 .debug_pubnames
                0x00000000       0x46 obj/default/hello_world_small.o
 .debug_pubnames
                0x00000046       0x6e ../nios_intrpt_bsp/\libhal_bsp.a(alt_iic.o)
 .debug_pubnames
                0x000000b4       0x2b ../nios_intrpt_bsp/\libhal_bsp.a(alt_iic_isr_register.o)
 .debug_pubnames
                0x000000df       0x32 ../nios_intrpt_bsp/\libhal_bsp.a(alt_irq_handler.o)
 .debug_pubnames
                0x00000111       0x3b ../nios_intrpt_bsp/\libhal_bsp.a(alt_irq_vars.o)
 .debug_pubnames
                0x0000014c       0x1f ../nios_intrpt_bsp/\libhal_bsp.a(alt_load.o)
 .debug_pubnames
                0x0000016b       0x46 ../nios_intrpt_bsp/\libhal_bsp.a(alt_main.o)
 .debug_pubnames
                0x000001b1       0x21 ../nios_intrpt_bsp/\libhal_bsp.a(alt_putstr.o)
 .debug_pubnames
                0x000001d2       0x1d ../nios_intrpt_bsp/\libhal_bsp.a(alt_usleep.o)
 .debug_pubnames
                0x000001ef       0x44 ../nios_intrpt_bsp/\libhal_bsp.a(alt_sys_init.o)
 .debug_pubnames
                0x00000233       0x34 ../nios_intrpt_bsp/\libhal_bsp.a(altera_avalon_jtag_uart_write.o)
 .debug_pubnames
                0x00000267       0x25 ../nios_intrpt_bsp/\libhal_bsp.a(alt_busy_sleep.o)
 .debug_pubnames
                0x0000028c       0x2b ../nios_intrpt_bsp/\libhal_bsp.a(alt_dcache_flush_all.o)
 .debug_pubnames
                0x000002b7       0x2b ../nios_intrpt_bsp/\libhal_bsp.a(alt_icache_flush_all.o)
 .debug_pubnames
                0x000002e2       0x31 ../nios_intrpt_bsp/\libhal_bsp.a(altera_nios2_qsys_irq.o)
 .debug_pubnames
                0x00000313       0x1d c:/altera/13.0sp1/nios2eds/bin/gnu/h-i686-mingw32/bin/../lib/gcc/nios2-elf/4.1.2/../../../../nios2-elf/lib/mno-hw-mul\libsmallc.a(lib_a-strlen.o)
 .debug_pubnames
                0x00000330       0x48 c:/altera/13.0sp1/nios2eds/bin/gnu/h-i686-mingw32/bin/../lib/gcc/nios2-elf/4.1.2/mno-hw-mul\libgcc.a(lib2-divmod.o)
 .debug_pubnames
                0x00000378       0x1f c:/altera/13.0sp1/nios2eds/bin/gnu/h-i686-mingw32/bin/../lib/gcc/nios2-elf/4.1.2/mno-hw-mul\libgcc.a(lib2-mul.o)

.debug_info     0x00000000     0x172d
 *(.debug_info .gnu.linkonce.wi.*)
 .debug_info    0x00000000       0x83 ../nios_intrpt_bsp//obj/HAL/src/crt0.o
 .debug_info    0x00000083      0x135 obj/default/hello_world_small.o
 .debug_info    0x000001b8      0x341 ../nios_intrpt_bsp/\libhal_bsp.a(alt_iic.o)
 .debug_info    0x000004f9      0x1f2 ../nios_intrpt_bsp/\libhal_bsp.a(alt_iic_isr_register.o)
 .debug_info    0x000006eb       0x8c ../nios_intrpt_bsp/\libhal_bsp.a(alt_irq_entry.o)
 .debug_info    0x00000777      0x17b ../nios_intrpt_bsp/\libhal_bsp.a(alt_irq_handler.o)
 .debug_info    0x000008f2       0x92 ../nios_intrpt_bsp/\libhal_bsp.a(alt_irq_vars.o)
 .debug_info    0x00000984      0x12e ../nios_intrpt_bsp/\libhal_bsp.a(alt_load.o)
 .debug_info    0x00000ab2      0x125 ../nios_intrpt_bsp/\libhal_bsp.a(alt_main.o)
 .debug_info    0x00000bd7       0xc5 ../nios_intrpt_bsp/\libhal_bsp.a(alt_putstr.o)
 .debug_info    0x00000c9c       0xab ../nios_intrpt_bsp/\libhal_bsp.a(alt_usleep.o)
 .debug_info    0x00000d47      0x17d ../nios_intrpt_bsp/\libhal_bsp.a(alt_sys_init.o)
 .debug_info    0x00000ec4      0x18f ../nios_intrpt_bsp/\libhal_bsp.a(altera_avalon_jtag_uart_write.o)
 .debug_info    0x00001053       0xd0 ../nios_intrpt_bsp/\libhal_bsp.a(alt_busy_sleep.o)
 .debug_info    0x00001123       0x8d ../nios_intrpt_bsp/\libhal_bsp.a(alt_dcache_flush_all.o)
 .debug_info    0x000011b0       0x92 ../nios_intrpt_bsp/\libhal_bsp.a(alt_exception_entry.o)
 .debug_info    0x00001242       0x8d ../nios_intrpt_bsp/\libhal_bsp.a(alt_icache_flush_all.o)
 .debug_info    0x000012cf       0x8d ../nios_intrpt_bsp/\libhal_bsp.a(altera_nios2_qsys_irq.o)
 .debug_info    0x0000135c       0xc2 c:/altera/13.0sp1/nios2eds/bin/gnu/h-i686-mingw32/bin/../lib/gcc/nios2-elf/4.1.2/../../../../nios2-elf/lib/mno-hw-mul\libsmallc.a(lib_a-strlen.o)
 .debug_info    0x0000141e      0x21c c:/altera/13.0sp1/nios2eds/bin/gnu/h-i686-mingw32/bin/../lib/gcc/nios2-elf/4.1.2/mno-hw-mul\libgcc.a(lib2-divmod.o)
 .debug_info    0x0000163a       0xf3 c:/altera/13.0sp1/nios2eds/bin/gnu/h-i686-mingw32/bin/../lib/gcc/nios2-elf/4.1.2/mno-hw-mul\libgcc.a(lib2-mul.o)

.debug_abbrev   0x00000000      0xc21
 *(.debug_abbrev)
 .debug_abbrev  0x00000000       0x12 ../nios_intrpt_bsp//obj/HAL/src/crt0.o
 .debug_abbrev  0x00000012       0xbe obj/default/hello_world_small.o
 .debug_abbrev  0x000000d0      0x160 ../nios_intrpt_bsp/\libhal_bsp.a(alt_iic.o)
 .debug_abbrev  0x00000230      0x17e ../nios_intrpt_bsp/\libhal_bsp.a(alt_iic_isr_register.o)
 .debug_abbrev  0x000003ae       0x12 ../nios_intrpt_bsp/\libhal_bsp.a(alt_irq_entry.o)
 .debug_abbrev  0x000003c0      0x117 ../nios_intrpt_bsp/\libhal_bsp.a(alt_irq_handler.o)
 .debug_abbrev  0x000004d7       0x44 ../nios_intrpt_bsp/\libhal_bsp.a(alt_irq_vars.o)
 .debug_abbrev  0x0000051b       0x97 ../nios_intrpt_bsp/\libhal_bsp.a(alt_load.o)
 .debug_abbrev  0x000005b2       0xa6 ../nios_intrpt_bsp/\libhal_bsp.a(alt_main.o)
 .debug_abbrev  0x00000658       0x7c ../nios_intrpt_bsp/\libhal_bsp.a(alt_putstr.o)
 .debug_abbrev  0x000006d4       0x5d ../nios_intrpt_bsp/\libhal_bsp.a(alt_usleep.o)
 .debug_abbrev  0x00000731       0xe3 ../nios_intrpt_bsp/\libhal_bsp.a(alt_sys_init.o)
 .debug_abbrev  0x00000814       0xf0 ../nios_intrpt_bsp/\libhal_bsp.a(altera_avalon_jtag_uart_write.o)
 .debug_abbrev  0x00000904       0x79 ../nios_intrpt_bsp/\libhal_bsp.a(alt_busy_sleep.o)
 .debug_abbrev  0x0000097d       0x3f ../nios_intrpt_bsp/\libhal_bsp.a(alt_dcache_flush_all.o)
 .debug_abbrev  0x000009bc       0x12 ../nios_intrpt_bsp/\libhal_bsp.a(alt_exception_entry.o)
 .debug_abbrev  0x000009ce       0x3f ../nios_intrpt_bsp/\libhal_bsp.a(alt_icache_flush_all.o)
 .debug_abbrev  0x00000a0d       0x3f ../nios_intrpt_bsp/\libhal_bsp.a(altera_nios2_qsys_irq.o)
 .debug_abbrev  0x00000a4c       0x7a c:/altera/13.0sp1/nios2eds/bin/gnu/h-i686-mingw32/bin/../lib/gcc/nios2-elf/4.1.2/../../../../nios2-elf/lib/mno-hw-mul\libsmallc.a(lib_a-strlen.o)
 .debug_abbrev  0x00000ac6       0xe0 c:/altera/13.0sp1/nios2eds/bin/gnu/h-i686-mingw32/bin/../lib/gcc/nios2-elf/4.1.2/mno-hw-mul\libgcc.a(lib2-divmod.o)
 .debug_abbrev  0x00000ba6       0x7b c:/altera/13.0sp1/nios2eds/bin/gnu/h-i686-mingw32/bin/../lib/gcc/nios2-elf/4.1.2/mno-hw-mul\libgcc.a(lib2-mul.o)

.debug_line     0x00000000     0x2710
 *(.debug_line)
 .debug_line    0x00000000       0x66 ../nios_intrpt_bsp//obj/HAL/src/crt0.o
 .debug_line    0x00000066      0x2ce obj/default/hello_world_small.o
 .debug_line    0x00000334      0x27f ../nios_intrpt_bsp/\libhal_bsp.a(alt_iic.o)
 .debug_line    0x000005b3      0x239 ../nios_intrpt_bsp/\libhal_bsp.a(alt_iic_isr_register.o)
 .debug_line    0x000007ec       0x6b ../nios_intrpt_bsp/\libhal_bsp.a(alt_irq_entry.o)
 .debug_line    0x00000857      0x21f ../nios_intrpt_bsp/\libhal_bsp.a(alt_irq_handler.o)
 .debug_line    0x00000a76       0x72 ../nios_intrpt_bsp/\libhal_bsp.a(alt_irq_vars.o)
 .debug_line    0x00000ae8      0x217 ../nios_intrpt_bsp/\libhal_bsp.a(alt_load.o)
 .debug_line    0x00000cff      0x2c2 ../nios_intrpt_bsp/\libhal_bsp.a(alt_main.o)
 .debug_line    0x00000fc1      0x1d9 ../nios_intrpt_bsp/\libhal_bsp.a(alt_putstr.o)
 .debug_line    0x0000119a      0x202 ../nios_intrpt_bsp/\libhal_bsp.a(alt_usleep.o)
 .debug_line    0x0000139c      0x286 ../nios_intrpt_bsp/\libhal_bsp.a(alt_sys_init.o)
 .debug_line    0x00001622      0x2f4 ../nios_intrpt_bsp/\libhal_bsp.a(altera_avalon_jtag_uart_write.o)
 .debug_line    0x00001916      0x25e ../nios_intrpt_bsp/\libhal_bsp.a(alt_busy_sleep.o)
 .debug_line    0x00001b74      0x1b5 ../nios_intrpt_bsp/\libhal_bsp.a(alt_dcache_flush_all.o)
 .debug_line    0x00001d29       0xab ../nios_intrpt_bsp/\libhal_bsp.a(alt_exception_entry.o)
 .debug_line    0x00001dd4      0x1b5 ../nios_intrpt_bsp/\libhal_bsp.a(alt_icache_flush_all.o)
 .debug_line    0x00001f89      0x1ce ../nios_intrpt_bsp/\libhal_bsp.a(altera_nios2_qsys_irq.o)
 .debug_line    0x00002157      0x250 c:/altera/13.0sp1/nios2eds/bin/gnu/h-i686-mingw32/bin/../lib/gcc/nios2-elf/4.1.2/../../../../nios2-elf/lib/mno-hw-mul\libsmallc.a(lib_a-strlen.o)
 .debug_line    0x000023a7      0x24f c:/altera/13.0sp1/nios2eds/bin/gnu/h-i686-mingw32/bin/../lib/gcc/nios2-elf/4.1.2/mno-hw-mul\libgcc.a(lib2-divmod.o)
 .debug_line    0x000025f6      0x11a c:/altera/13.0sp1/nios2eds/bin/gnu/h-i686-mingw32/bin/../lib/gcc/nios2-elf/4.1.2/mno-hw-mul\libgcc.a(lib2-mul.o)

.debug_frame    0x00000000      0x32c
 *(.debug_frame)
 .debug_frame   0x00000000       0x54 obj/default/hello_world_small.o
 .debug_frame   0x00000054       0x50 ../nios_intrpt_bsp/\libhal_bsp.a(alt_iic.o)
 .debug_frame   0x000000a4       0x28 ../nios_intrpt_bsp/\libhal_bsp.a(alt_iic_isr_register.o)
 .debug_frame   0x000000cc       0x28 ../nios_intrpt_bsp/\libhal_bsp.a(alt_irq_handler.o)
 .debug_frame   0x000000f4       0x38 ../nios_intrpt_bsp/\libhal_bsp.a(alt_load.o)
 .debug_frame   0x0000012c       0x28 ../nios_intrpt_bsp/\libhal_bsp.a(alt_main.o)
 .debug_frame   0x00000154       0x28 ../nios_intrpt_bsp/\libhal_bsp.a(alt_putstr.o)
 .debug_frame   0x0000017c       0x20 ../nios_intrpt_bsp/\libhal_bsp.a(alt_usleep.o)
 .debug_frame   0x0000019c       0x38 ../nios_intrpt_bsp/\libhal_bsp.a(alt_sys_init.o)
 .debug_frame   0x000001d4       0x20 ../nios_intrpt_bsp/\libhal_bsp.a(altera_avalon_jtag_uart_write.o)
 .debug_frame   0x000001f4       0x28 ../nios_intrpt_bsp/\libhal_bsp.a(alt_busy_sleep.o)
 .debug_frame   0x0000021c       0x20 ../nios_intrpt_bsp/\libhal_bsp.a(alt_dcache_flush_all.o)
 .debug_frame   0x0000023c       0x20 ../nios_intrpt_bsp/\libhal_bsp.a(alt_icache_flush_all.o)
 .debug_frame   0x0000025c       0x20 ../nios_intrpt_bsp/\libhal_bsp.a(altera_nios2_qsys_irq.o)
 .debug_frame   0x0000027c       0x20 c:/altera/13.0sp1/nios2eds/bin/gnu/h-i686-mingw32/bin/../lib/gcc/nios2-elf/4.1.2/../../../../nios2-elf/lib/mno-hw-mul\libsmallc.a(lib_a-strlen.o)
 .debug_frame   0x0000029c       0x70 c:/altera/13.0sp1/nios2eds/bin/gnu/h-i686-mingw32/bin/../lib/gcc/nios2-elf/4.1.2/mno-hw-mul\libgcc.a(lib2-divmod.o)
 .debug_frame   0x0000030c       0x20 c:/altera/13.0sp1/nios2eds/bin/gnu/h-i686-mingw32/bin/../lib/gcc/nios2-elf/4.1.2/mno-hw-mul\libgcc.a(lib2-mul.o)

.debug_str      0x00000000      0x8be
 *(.debug_str)
 .debug_str     0x00000000      0x110 obj/default/hello_world_small.o
                                0x156 (size before relaxing)
 .debug_str     0x00000110      0x15b ../nios_intrpt_bsp/\libhal_bsp.a(alt_iic.o)
                                0x204 (size before relaxing)
 .debug_str     0x0000026b       0x4c ../nios_intrpt_bsp/\libhal_bsp.a(alt_iic_isr_register.o)
                                0x1ae (size before relaxing)
 .debug_str     0x000002b7       0x3a ../nios_intrpt_bsp/\libhal_bsp.a(alt_irq_handler.o)
                                0x15d (size before relaxing)
 .debug_str     0x000002f1       0x17 ../nios_intrpt_bsp/\libhal_bsp.a(alt_irq_vars.o)
                                0x115 (size before relaxing)
 .debug_str     0x00000308       0xe9 ../nios_intrpt_bsp/\libhal_bsp.a(alt_load.o)
                                0x1d8 (size before relaxing)
 .debug_str     0x000003f1       0x75 ../nios_intrpt_bsp/\libhal_bsp.a(alt_main.o)
                                0x15c (size before relaxing)
 .debug_str     0x00000466       0x4c ../nios_intrpt_bsp/\libhal_bsp.a(alt_putstr.o)
                                0x133 (size before relaxing)
 .debug_str     0x000004b2       0x27 ../nios_intrpt_bsp/\libhal_bsp.a(alt_usleep.o)
                                0x10e (size before relaxing)
 .debug_str     0x000004d9       0x85 ../nios_intrpt_bsp/\libhal_bsp.a(alt_sys_init.o)
                                0x1d1 (size before relaxing)
 .debug_str     0x0000055e       0x50 ../nios_intrpt_bsp/\libhal_bsp.a(altera_avalon_jtag_uart_write.o)
                                0x1d4 (size before relaxing)
 .debug_str     0x000005ae       0x42 ../nios_intrpt_bsp/\libhal_bsp.a(alt_busy_sleep.o)
                                0x131 (size before relaxing)
 .debug_str     0x000005f0       0x34 ../nios_intrpt_bsp/\libhal_bsp.a(alt_dcache_flush_all.o)
                                0x11b (size before relaxing)
 .debug_str     0x00000624       0x34 ../nios_intrpt_bsp/\libhal_bsp.a(alt_icache_flush_all.o)
                                0x11b (size before relaxing)
 .debug_str     0x00000658       0x3b ../nios_intrpt_bsp/\libhal_bsp.a(altera_nios2_qsys_irq.o)
                                0x122 (size before relaxing)
 .debug_str     0x00000693       0xe9 c:/altera/13.0sp1/nios2eds/bin/gnu/h-i686-mingw32/bin/../lib/gcc/nios2-elf/4.1.2/../../../../nios2-elf/lib/mno-hw-mul\libsmallc.a(lib_a-strlen.o)
                                0x184 (size before relaxing)
 .debug_str     0x0000077c      0x10b c:/altera/13.0sp1/nios2eds/bin/gnu/h-i686-mingw32/bin/../lib/gcc/nios2-elf/4.1.2/mno-hw-mul\libgcc.a(lib2-divmod.o)
                                0x1b4 (size before relaxing)
 .debug_str     0x00000887       0x37 c:/altera/13.0sp1/nios2eds/bin/gnu/h-i686-mingw32/bin/../lib/gcc/nios2-elf/4.1.2/mno-hw-mul\libgcc.a(lib2-mul.o)
                                0x175 (size before relaxing)

.debug_loc      0x00000000      0x57f
 *(.debug_loc)
 .debug_loc     0x00000000       0x3e obj/default/hello_world_small.o
 .debug_loc     0x0000003e       0x72 ../nios_intrpt_bsp/\libhal_bsp.a(alt_iic.o)
 .debug_loc     0x000000b0       0xf4 ../nios_intrpt_bsp/\libhal_bsp.a(alt_iic_isr_register.o)
 .debug_loc     0x000001a4       0x5b ../nios_intrpt_bsp/\libhal_bsp.a(alt_irq_handler.o)
 .debug_loc     0x000001ff       0x1f ../nios_intrpt_bsp/\libhal_bsp.a(alt_load.o)
 .debug_loc     0x0000021e       0x1f ../nios_intrpt_bsp/\libhal_bsp.a(alt_main.o)
 .debug_loc     0x0000023d       0x48 ../nios_intrpt_bsp/\libhal_bsp.a(alt_putstr.o)
 .debug_loc     0x00000285       0x13 ../nios_intrpt_bsp/\libhal_bsp.a(alt_usleep.o)
 .debug_loc     0x00000298       0x32 ../nios_intrpt_bsp/\libhal_bsp.a(alt_sys_init.o)
 .debug_loc     0x000002ca       0x26 ../nios_intrpt_bsp/\libhal_bsp.a(altera_avalon_jtag_uart_write.o)
 .debug_loc     0x000002f0       0x50 ../nios_intrpt_bsp/\libhal_bsp.a(alt_busy_sleep.o)
 .debug_loc     0x00000340       0x1e c:/altera/13.0sp1/nios2eds/bin/gnu/h-i686-mingw32/bin/../lib/gcc/nios2-elf/4.1.2/../../../../nios2-elf/lib/mno-hw-mul\libsmallc.a(lib_a-strlen.o)
 .debug_loc     0x0000035e      0x1d2 c:/altera/13.0sp1/nios2eds/bin/gnu/h-i686-mingw32/bin/../lib/gcc/nios2-elf/4.1.2/mno-hw-mul\libgcc.a(lib2-divmod.o)
 .debug_loc     0x00000530       0x4f c:/altera/13.0sp1/nios2eds/bin/gnu/h-i686-mingw32/bin/../lib/gcc/nios2-elf/4.1.2/mno-hw-mul\libgcc.a(lib2-mul.o)

.debug_macinfo
 *(.debug_macinfo)

.debug_weaknames
 *(.debug_weaknames)

.debug_funcnames
 *(.debug_funcnames)

.debug_typenames
 *(.debug_typenames)

.debug_varnames
 *(.debug_varnames)

.debug_alt_sim_info
                0x00000000       0x40
 *(.debug_alt_sim_info)
 .debug_alt_sim_info
                0x00000000       0x10 ../nios_intrpt_bsp//obj/HAL/src/crt0.o
 .debug_alt_sim_info
                0x00000010       0x30 ../nios_intrpt_bsp/\libhal_bsp.a(alt_busy_sleep.o)
                0x0000ce20                __alt_data_end = 0xce20
                0x0000ce20                PROVIDE (__alt_stack_pointer, __alt_data_end)
                0x00008858                PROVIDE (__alt_stack_limit, __alt_stack_base)
                0x00008858                PROVIDE (__alt_heap_start, end)
                0x0000ce20                PROVIDE (__alt_heap_limit, 0xce20)
OUTPUT(nios_intrpt.elf elf32-littlenios2)

.debug_ranges   0x00000000       0x90
 .debug_ranges  0x00000000       0x20 ../nios_intrpt_bsp//obj/HAL/src/crt0.o
 .debug_ranges  0x00000020       0x28 ../nios_intrpt_bsp/\libhal_bsp.a(alt_irq_entry.o)
 .debug_ranges  0x00000048       0x18 ../nios_intrpt_bsp/\libhal_bsp.a(alt_irq_handler.o)
 .debug_ranges  0x00000060       0x30 ../nios_intrpt_bsp/\libhal_bsp.a(alt_exception_entry.o)
