Archive member included because of file (symbol)

../nios_soft_bsp/\libhal_bsp.a(alt_load.o)
                              ../nios_soft_bsp//obj/HAL/src/crt0.o (alt_load)
../nios_soft_bsp/\libhal_bsp.a(alt_main.o)
                              ../nios_soft_bsp//obj/HAL/src/crt0.o (alt_main)
../nios_soft_bsp/\libhal_bsp.a(alt_putstr.o)
                              obj/default/hello_world_small.o (alt_putstr)
../nios_soft_bsp/\libhal_bsp.a(alt_usleep.o)
                              obj/default/hello_world_small.o (usleep)
../nios_soft_bsp/\libhal_bsp.a(alt_sys_init.o)
                              ../nios_soft_bsp/\libhal_bsp.a(alt_main.o) (alt_sys_init)
../nios_soft_bsp/\libhal_bsp.a(altera_avalon_jtag_uart_write.o)
                              ../nios_soft_bsp/\libhal_bsp.a(alt_putstr.o) (altera_avalon_jtag_uart_write)
../nios_soft_bsp/\libhal_bsp.a(alt_busy_sleep.o)
                              ../nios_soft_bsp/\libhal_bsp.a(alt_usleep.o) (alt_busy_sleep)
../nios_soft_bsp/\libhal_bsp.a(alt_dcache_flush_all.o)
                              ../nios_soft_bsp/\libhal_bsp.a(alt_load.o) (alt_dcache_flush_all)
../nios_soft_bsp/\libhal_bsp.a(alt_icache_flush_all.o)
                              ../nios_soft_bsp/\libhal_bsp.a(alt_load.o) (alt_icache_flush_all)
../nios_soft_bsp/\libhal_bsp.a(altera_nios2_qsys_irq.o)
                              ../nios_soft_bsp/\libhal_bsp.a(alt_sys_init.o) (altera_nios2_qsys_irq_init)
c:/altera/13.0sp1/nios2eds/bin/gnu/h-i686-mingw32/bin/../lib/gcc/nios2-elf/4.1.2/../../../../nios2-elf/lib/mno-hw-mul\libsmallc.a(lib_a-strlen.o)
                              ../nios_soft_bsp/\libhal_bsp.a(alt_putstr.o) (strlen)
c:/altera/13.0sp1/nios2eds/bin/gnu/h-i686-mingw32/bin/../lib/gcc/nios2-elf/4.1.2/mno-hw-mul\libgcc.a(lib2-divmod.o)
                              ../nios_soft_bsp/\libhal_bsp.a(alt_busy_sleep.o) (__udivsi3)
c:/altera/13.0sp1/nios2eds/bin/gnu/h-i686-mingw32/bin/../lib/gcc/nios2-elf/4.1.2/mno-hw-mul\libgcc.a(lib2-mul.o)
                              ../nios_soft_bsp/\libhal_bsp.a(alt_busy_sleep.o) (__mulsi3)

Memory Configuration

Name             Origin             Length             Attributes
reset            0x00008000         0x00000020
onchip_memory2_0 0x00008020         0x00004e00
*default*        0x00000000         0xffffffff

Linker script and memory map

LOAD ../nios_soft_bsp//obj/HAL/src/crt0.o
                0x0000800c                exit = _exit
LOAD obj/default/hello_world_small.o
LOAD c:/altera/13.0sp1/nios2eds/bin/gnu/h-i686-mingw32/bin/../lib/gcc/nios2-elf/4.1.2/../../../../nios2-elf/lib/mno-hw-mul\libstdc++.a
LOAD c:/altera/13.0sp1/nios2eds/bin/gnu/h-i686-mingw32/bin/../lib/gcc/nios2-elf/4.1.2/../../../../nios2-elf/lib/mno-hw-mul\libm.a
LOAD c:/altera/13.0sp1/nios2eds/bin/gnu/h-i686-mingw32/bin/../lib/gcc/nios2-elf/4.1.2/mno-hw-mul\libgcc.a
START GROUP
LOAD c:/altera/13.0sp1/nios2eds/bin/gnu/h-i686-mingw32/bin/../lib/gcc/nios2-elf/4.1.2/../../../../nios2-elf/lib/mno-hw-mul\libsmallc.a
LOAD c:/altera/13.0sp1/nios2eds/bin/gnu/h-i686-mingw32/bin/../lib/gcc/nios2-elf/4.1.2/mno-hw-mul\libgcc.a
LOAD ../nios_soft_bsp/\libhal_bsp.a
END GROUP
LOAD c:/altera/13.0sp1/nios2eds/bin/gnu/h-i686-mingw32/bin/../lib/gcc/nios2-elf/4.1.2/mno-hw-mul\libgcc.a
                0x00008000                __alt_mem_onchip_memory2_0 = 0x8000

.entry          0x00008000       0x20
 *(.entry)
 .entry         0x00008000       0x20 ../nios_soft_bsp//obj/HAL/src/crt0.o
                0x00008000                __reset
                0x0000800c                _exit

.exceptions     0x00008020        0x0
                0x00008020                PROVIDE (__ram_exceptions_start, ABSOLUTE (.))
                0x00008020                . = ALIGN (0x20)
 *(.irq)
 *(.exceptions.entry.label)
 *(.exceptions.entry.user)
 *(.exceptions.entry)
 *(.exceptions.irqtest.user)
 *(.exceptions.irqtest)
 *(.exceptions.irqhandler.user)
 *(.exceptions.irqhandler)
 *(.exceptions.irqreturn.user)
 *(.exceptions.irqreturn)
 *(.exceptions.notirq.label)
 *(.exceptions.notirq.user)
 *(.exceptions.notirq)
 *(.exceptions.soft.user)
 *(.exceptions.soft)
 *(.exceptions.unknown.user)
 *(.exceptions.unknown)
 *(.exceptions.exit.label)
 *(.exceptions.exit.user)
 *(.exceptions.exit)
 *(.exceptions)
                0x00008020                PROVIDE (__ram_exceptions_end, ABSOLUTE (.))
                0x00008020                PROVIDE (__flash_exceptions_start, LOADADDR (.exceptions))

.text           0x00008020      0x460
                0x00008020                PROVIDE (stext, ABSOLUTE (.))
 *(.interp)
 *(.hash)
 *(.dynsym)
 *(.dynstr)
 *(.gnu.version)
 *(.gnu.version_d)
 *(.gnu.version_r)
 *(.rel.init)
 *(.rela.init)
 *(.rel.text .rel.text.* .rel.gnu.linkonce.t.*)
 *(.rela.text .rela.text.* .rela.gnu.linkonce.t.*)
 *(.rel.fini)
 *(.rela.fini)
 *(.rel.rodata .rel.rodata.* .rel.gnu.linkonce.r.*)
 *(.rela.rodata .rela.rodata.* .rela.gnu.linkonce.r.*)
 *(.rel.data .rel.data.* .rel.gnu.linkonce.d.*)
 *(.rela.data .rela.data.* .rela.gnu.linkonce.d.*)
 *(.rel.tdata .rel.tdata.* .rel.gnu.linkonce.td.*)
 *(.rela.tdata .rela.tdata.* .rela.gnu.linkonce.td.*)
 *(.rel.tbss .rel.tbss.* .rel.gnu.linkonce.tb.*)
 *(.rela.tbss .rela.tbss.* .rela.gnu.linkonce.tb.*)
 *(.rel.ctors)
 *(.rela.ctors)
 *(.rel.dtors)
 *(.rela.dtors)
 *(.rel.got)
 *(.rela.got)
 *(.rel.sdata .rel.sdata.* .rel.gnu.linkonce.s.*)
 *(.rela.sdata .rela.sdata.* .rela.gnu.linkonce.s.*)
 *(.rel.sbss .rel.sbss.* .rel.gnu.linkonce.sb.*)
 *(.rela.sbss .rela.sbss.* .rela.gnu.linkonce.sb.*)
 *(.rel.sdata2 .rel.sdata2.* .rel.gnu.linkonce.s2.*)
 *(.rela.sdata2 .rela.sdata2.* .rela.gnu.linkonce.s2.*)
 *(.rel.sbss2 .rel.sbss2.* .rel.gnu.linkonce.sb2.*)
 *(.rela.sbss2 .rela.sbss2.* .rela.gnu.linkonce.sb2.*)
 *(.rel.bss .rel.bss.* .rel.gnu.linkonce.b.*)
 *(.rela.bss .rela.bss.* .rela.gnu.linkonce.b.*)
 *(.rel.plt)
 *(.rela.plt)
 *(.rel.dyn)
 *(.init)
 *(.plt)
 *(.text .stub .text.* .gnu.linkonce.t.*)
 .text          0x00008020       0x3c ../nios_soft_bsp//obj/HAL/src/crt0.o
                0x00008020                _start
 .text          0x0000805c       0x98 obj/default/hello_world_small.o
                0x0000805c                main
 .text          0x000080f4       0x8c ../nios_soft_bsp/\libhal_bsp.a(alt_load.o)
                0x00008114                alt_load
 .text          0x00008180       0x2c ../nios_soft_bsp/\libhal_bsp.a(alt_main.o)
                0x00008180                alt_main
 .text          0x000081ac       0x38 ../nios_soft_bsp/\libhal_bsp.a(alt_putstr.o)
                0x000081ac                alt_putstr
 .text          0x000081e4        0x4 ../nios_soft_bsp/\libhal_bsp.a(alt_usleep.o)
                0x000081e4                usleep
 .text          0x000081e8       0x24 ../nios_soft_bsp/\libhal_bsp.a(alt_sys_init.o)
                0x000081e8                alt_sys_init
                0x000081ec                alt_irq_init
 .text          0x0000820c       0x34 ../nios_soft_bsp/\libhal_bsp.a(altera_avalon_jtag_uart_write.o)
                0x0000820c                altera_avalon_jtag_uart_write
 .text          0x00008240       0x8c ../nios_soft_bsp/\libhal_bsp.a(alt_busy_sleep.o)
                0x00008240                alt_busy_sleep
 .text          0x000082cc        0x4 ../nios_soft_bsp/\libhal_bsp.a(alt_dcache_flush_all.o)
                0x000082cc                alt_dcache_flush_all
 .text          0x000082d0        0x4 ../nios_soft_bsp/\libhal_bsp.a(alt_icache_flush_all.o)
                0x000082d0                alt_icache_flush_all
 .text          0x000082d4        0x8 ../nios_soft_bsp/\libhal_bsp.a(altera_nios2_qsys_irq.o)
                0x000082d4                altera_nios2_qsys_irq_init
 .text          0x000082dc       0x20 c:/altera/13.0sp1/nios2eds/bin/gnu/h-i686-mingw32/bin/../lib/gcc/nios2-elf/4.1.2/../../../../nios2-elf/lib/mno-hw-mul\libsmallc.a(lib_a-strlen.o)
                0x000082dc                strlen
 .text          0x000082fc      0x14c c:/altera/13.0sp1/nios2eds/bin/gnu/h-i686-mingw32/bin/../lib/gcc/nios2-elf/4.1.2/mno-hw-mul\libgcc.a(lib2-divmod.o)
                0x00008378                __divsi3
                0x000083d8                __modsi3
                0x00008438                __udivsi3
                0x00008440                __umodsi3
 .text          0x00008448       0x38 c:/altera/13.0sp1/nios2eds/bin/gnu/h-i686-mingw32/bin/../lib/gcc/nios2-elf/4.1.2/mno-hw-mul\libgcc.a(lib2-mul.o)
                0x00008448                __mulsi3
 *(.gnu.warning.*)
 *(.fini)
                0x00008480                PROVIDE (__etext, ABSOLUTE (.))
                0x00008480                PROVIDE (_etext, ABSOLUTE (.))
                0x00008480                PROVIDE (etext, ABSOLUTE (.))
 *(.eh_frame_hdr)
                0x00008480                . = ALIGN (0x4)
                0x00008480                PROVIDE (__preinit_array_start, ABSOLUTE (.))
 *(.preinit_array)
                0x00008480                PROVIDE (__preinit_array_end, ABSOLUTE (.))
                0x00008480                PROVIDE (__init_array_start, ABSOLUTE (.))
 *(.init_array)
                0x00008480                PROVIDE (__init_array_end, ABSOLUTE (.))
                0x00008480                PROVIDE (__fini_array_start, ABSOLUTE (.))
 *(.fini_array)
                0x00008480                PROVIDE (__fini_array_end, ABSOLUTE (.))
 *(.eh_frame)
 *(.gcc_except_table)
 *(.dynamic)
                0x00008480                PROVIDE (__CTOR_LIST__, ABSOLUTE (.))
 *(.ctors)
 *(SORT(.ctors.*))
                0x00008480                PROVIDE (__CTOR_END__, ABSOLUTE (.))
                0x00008480                PROVIDE (__DTOR_LIST__, ABSOLUTE (.))
 *(.dtors)
 *(SORT(.dtors.*))
                0x00008480                PROVIDE (__DTOR_END__, ABSOLUTE (.))
 *(.jcr)
                0x00008480                . = ALIGN (0x4)

.rodata         0x00008480       0x18
                0x00008480                PROVIDE (__ram_rodata_start, ABSOLUTE (.))
                0x00008480                . = ALIGN (0x4)
 *(.rodata .rodata.* .gnu.linkonce.r.*)
 .rodata.str1.4
                0x00008480       0x18 obj/default/hello_world_small.o
 *(.rodata1)
                0x00008498                . = ALIGN (0x4)
                0x00008498                PROVIDE (__ram_rodata_end, ABSOLUTE (.))
                0x00008480                PROVIDE (__flash_rodata_start, LOADADDR (.rodata))

.rwdata         0x00008498        0x4 load address 0x0000849c
                0x00008498                PROVIDE (__ram_rwdata_start, ABSOLUTE (.))
                0x00008498                . = ALIGN (0x4)
 *(.got.plt)
 *(.got)
 *(.data1)
 *(.data .data.* .gnu.linkonce.d.*)
 .data          0x00008498        0x0 ../nios_soft_bsp//obj/HAL/src/crt0.o
 .data          0x00008498        0x0 obj/default/hello_world_small.o
 .data          0x00008498        0x0 ../nios_soft_bsp/\libhal_bsp.a(alt_load.o)
 .data          0x00008498        0x0 ../nios_soft_bsp/\libhal_bsp.a(alt_main.o)
 .data          0x00008498        0x0 ../nios_soft_bsp/\libhal_bsp.a(alt_putstr.o)
 .data          0x00008498        0x0 ../nios_soft_bsp/\libhal_bsp.a(alt_usleep.o)
 .data          0x00008498        0x0 ../nios_soft_bsp/\libhal_bsp.a(alt_sys_init.o)
 .data          0x00008498        0x0 ../nios_soft_bsp/\libhal_bsp.a(altera_avalon_jtag_uart_write.o)
 .data          0x00008498        0x0 ../nios_soft_bsp/\libhal_bsp.a(alt_busy_sleep.o)
 .data          0x00008498        0x0 ../nios_soft_bsp/\libhal_bsp.a(alt_dcache_flush_all.o)
 .data          0x00008498        0x0 ../nios_soft_bsp/\libhal_bsp.a(alt_icache_flush_all.o)
 .data          0x00008498        0x0 ../nios_soft_bsp/\libhal_bsp.a(altera_nios2_qsys_irq.o)
 .data          0x00008498        0x0 c:/altera/13.0sp1/nios2eds/bin/gnu/h-i686-mingw32/bin/../lib/gcc/nios2-elf/4.1.2/../../../../nios2-elf/lib/mno-hw-mul\libsmallc.a(lib_a-strlen.o)
 .data          0x00008498        0x0 c:/altera/13.0sp1/nios2eds/bin/gnu/h-i686-mingw32/bin/../lib/gcc/nios2-elf/4.1.2/mno-hw-mul\libgcc.a(lib2-divmod.o)
 .data          0x00008498        0x0 c:/altera/13.0sp1/nios2eds/bin/gnu/h-i686-mingw32/bin/../lib/gcc/nios2-elf/4.1.2/mno-hw-mul\libgcc.a(lib2-mul.o)
                0x00010498                _gp = ABSOLUTE ((. + 0x8000))
                0x00010498                PROVIDE (gp, _gp)
 *(.rwdata .rwdata.*)
 *(.sdata .sdata.* .gnu.linkonce.s.*)
 .sdata         0x00008498        0x4 ../nios_soft_bsp/\libhal_bsp.a(alt_sys_init.o)
                0x00008498                jtag_uart_0
 *(.sdata2 .sdata2.* .gnu.linkonce.s2.*)
                0x0000849c                . = ALIGN (0x4)
                0x0000849c                _edata = ABSOLUTE (.)
                0x0000849c                PROVIDE (edata, ABSOLUTE (.))
                0x0000849c                PROVIDE (__ram_rwdata_end, ABSOLUTE (.))
                0x0000849c                PROVIDE (__flash_rwdata_start, LOADADDR (.rwdata))

.bss            0x000084a0        0xc
                0x000084a0                __bss_start = ABSOLUTE (.)
                0x000084a0                PROVIDE (__sbss_start, ABSOLUTE (.))
                0x000084a0                PROVIDE (___sbss_start, ABSOLUTE (.))
 *(.dynsbss)
 *(.sbss .sbss.* .gnu.linkonce.sb.*)
 .sbss          0x000084a0        0xc ../nios_soft_bsp/\libhal_bsp.a(alt_main.o)
                0x000084a0                alt_argc
                0x000084a4                alt_argv
                0x000084a8                alt_envp
 *(.sbss2 .sbss2.* .gnu.linkonce.sb2.*)
 *(.scommon)
                0x000084ac                PROVIDE (__sbss_end, ABSOLUTE (.))
                0x000084ac                PROVIDE (___sbss_end, ABSOLUTE (.))
 *(.dynbss)
 *(.bss .bss.* .gnu.linkonce.b.*)
 .bss           0x000084ac        0x0 ../nios_soft_bsp//obj/HAL/src/crt0.o
 .bss           0x000084ac        0x0 obj/default/hello_world_small.o
 .bss           0x000084ac        0x0 ../nios_soft_bsp/\libhal_bsp.a(alt_load.o)
 .bss           0x000084ac        0x0 ../nios_soft_bsp/\libhal_bsp.a(alt_main.o)
 .bss           0x000084ac        0x0 ../nios_soft_bsp/\libhal_bsp.a(alt_putstr.o)
 .bss           0x000084ac        0x0 ../nios_soft_bsp/\libhal_bsp.a(alt_usleep.o)
 .bss           0x000084ac        0x0 ../nios_soft_bsp/\libhal_bsp.a(alt_sys_init.o)
 .bss           0x000084ac        0x0 ../nios_soft_bsp/\libhal_bsp.a(altera_avalon_jtag_uart_write.o)
 .bss           0x000084ac        0x0 ../nios_soft_bsp/\libhal_bsp.a(alt_busy_sleep.o)
 .bss           0x000084ac        0x0 ../nios_soft_bsp/\libhal_bsp.a(alt_dcache_flush_all.o)
 .bss           0x000084ac        0x0 ../nios_soft_bsp/\libhal_bsp.a(alt_icache_flush_all.o)
 .bss           0x000084ac        0x0 ../nios_soft_bsp/\libhal_bsp.a(altera_nios2_qsys_irq.o)
 .bss           0x000084ac        0x0 c:/altera/13.0sp1/nios2eds/bin/gnu/h-i686-mingw32/bin/../lib/gcc/nios2-elf/4.1.2/../../../../nios2-elf/lib/mno-hw-mul\libsmallc.a(lib_a-strlen.o)
 .bss           0x000084ac        0x0 c:/altera/13.0sp1/nios2eds/bin/gnu/h-i686-mingw32/bin/../lib/gcc/nios2-elf/4.1.2/mno-hw-mul\libgcc.a(lib2-divmod.o)
 .bss           0x000084ac        0x0 c:/altera/13.0sp1/nios2eds/bin/gnu/h-i686-mingw32/bin/../lib/gcc/nios2-elf/4.1.2/mno-hw-mul\libgcc.a(lib2-mul.o)
 *(COMMON)
                0x000084ac                . = ALIGN (0x4)
                0x000084ac                __bss_end = ABSOLUTE (.)

.onchip_memory2_0
                0x000084ac        0x0
                0x000084ac                PROVIDE (_alt_partition_onchip_memory2_0_start, ABSOLUTE (.))
 *(.onchip_memory2_0. onchip_memory2_0.*)
                0x000084ac                . = ALIGN (0x4)
                0x000084ac                PROVIDE (_alt_partition_onchip_memory2_0_end, ABSOLUTE (.))
                0x000084ac                _end = ABSOLUTE (.)
                0x000084ac                end = ABSOLUTE (.)
                0x000084ac                __alt_stack_base = ABSOLUTE (.)
                0x000084ac                PROVIDE (_alt_partition_onchip_memory2_0_load_addr, LOADADDR (.onchip_memory2_0))

.stab
 *(.stab)

.stabstr
 *(.stabstr)

.stab.excl
 *(.stab.excl)

.stab.exclstr
 *(.stab.exclstr)

.stab.index
 *(.stab.index)

.stab.indexstr
 *(.stab.indexstr)

.comment        0x00000000       0x26
 *(.comment)
 .comment       0x00000000       0x26 obj/default/hello_world_small.o
                                 0x27 (size before relaxing)
 .comment       0x00000000       0x27 ../nios_soft_bsp/\libhal_bsp.a(alt_load.o)
 .comment       0x00000000       0x27 ../nios_soft_bsp/\libhal_bsp.a(alt_main.o)
 .comment       0x00000000       0x27 ../nios_soft_bsp/\libhal_bsp.a(alt_putstr.o)
 .comment       0x00000000       0x27 ../nios_soft_bsp/\libhal_bsp.a(alt_usleep.o)
 .comment       0x00000000       0x27 ../nios_soft_bsp/\libhal_bsp.a(alt_sys_init.o)
 .comment       0x00000000       0x27 ../nios_soft_bsp/\libhal_bsp.a(altera_avalon_jtag_uart_write.o)
 .comment       0x00000000       0x27 ../nios_soft_bsp/\libhal_bsp.a(alt_busy_sleep.o)
 .comment       0x00000000       0x27 ../nios_soft_bsp/\libhal_bsp.a(alt_dcache_flush_all.o)
 .comment       0x00000000       0x27 ../nios_soft_bsp/\libhal_bsp.a(alt_icache_flush_all.o)
 .comment       0x00000000       0x27 ../nios_soft_bsp/\libhal_bsp.a(altera_nios2_qsys_irq.o)
 .comment       0x00000000       0x27 c:/altera/13.0sp1/nios2eds/bin/gnu/h-i686-mingw32/bin/../lib/gcc/nios2-elf/4.1.2/../../../../nios2-elf/lib/mno-hw-mul\libsmallc.a(lib_a-strlen.o)
 .comment       0x00000000       0x27 c:/altera/13.0sp1/nios2eds/bin/gnu/h-i686-mingw32/bin/../lib/gcc/nios2-elf/4.1.2/mno-hw-mul\libgcc.a(lib2-divmod.o)
 .comment       0x00000000       0x27 c:/altera/13.0sp1/nios2eds/bin/gnu/h-i686-mingw32/bin/../lib/gcc/nios2-elf/4.1.2/mno-hw-mul\libgcc.a(lib2-mul.o)

.debug
 *(.debug)

.line
 *(.line)

.debug_srcinfo
 *(.debug_srcinfo)

.debug_sfnames
 *(.debug_sfnames)

.debug_aranges  0x00000000      0x1e8
 *(.debug_aranges)
 .debug_aranges
                0x00000000       0x28 ../nios_soft_bsp//obj/HAL/src/crt0.o
 .debug_aranges
                0x00000028       0x20 obj/default/hello_world_small.o
 .debug_aranges
                0x00000048       0x20 ../nios_soft_bsp/\libhal_bsp.a(alt_load.o)
 .debug_aranges
                0x00000068       0x20 ../nios_soft_bsp/\libhal_bsp.a(alt_main.o)
 .debug_aranges
                0x00000088       0x20 ../nios_soft_bsp/\libhal_bsp.a(alt_putstr.o)
 .debug_aranges
                0x000000a8       0x20 ../nios_soft_bsp/\libhal_bsp.a(alt_usleep.o)
 .debug_aranges
                0x000000c8       0x20 ../nios_soft_bsp/\libhal_bsp.a(alt_sys_init.o)
 .debug_aranges
                0x000000e8       0x20 ../nios_soft_bsp/\libhal_bsp.a(altera_avalon_jtag_uart_write.o)
 .debug_aranges
                0x00000108       0x20 ../nios_soft_bsp/\libhal_bsp.a(alt_busy_sleep.o)
 .debug_aranges
                0x00000128       0x20 ../nios_soft_bsp/\libhal_bsp.a(alt_dcache_flush_all.o)
 .debug_aranges
                0x00000148       0x20 ../nios_soft_bsp/\libhal_bsp.a(alt_icache_flush_all.o)
 .debug_aranges
                0x00000168       0x20 ../nios_soft_bsp/\libhal_bsp.a(altera_nios2_qsys_irq.o)
 .debug_aranges
                0x00000188       0x20 c:/altera/13.0sp1/nios2eds/bin/gnu/h-i686-mingw32/bin/../lib/gcc/nios2-elf/4.1.2/../../../../nios2-elf/lib/mno-hw-mul\libsmallc.a(lib_a-strlen.o)
 .debug_aranges
                0x000001a8       0x20 c:/altera/13.0sp1/nios2eds/bin/gnu/h-i686-mingw32/bin/../lib/gcc/nios2-elf/4.1.2/mno-hw-mul\libgcc.a(lib2-divmod.o)
 .debug_aranges
                0x000001c8       0x20 c:/altera/13.0sp1/nios2eds/bin/gnu/h-i686-mingw32/bin/../lib/gcc/nios2-elf/4.1.2/mno-hw-mul\libgcc.a(lib2-mul.o)

.debug_pubnames
                0x00000000      0x266
 *(.debug_pubnames)
 .debug_pubnames
                0x00000000       0x1b obj/default/hello_world_small.o
 .debug_pubnames
                0x0000001b       0x1f ../nios_soft_bsp/\libhal_bsp.a(alt_load.o)
 .debug_pubnames
                0x0000003a       0x46 ../nios_soft_bsp/\libhal_bsp.a(alt_main.o)
 .debug_pubnames
                0x00000080       0x21 ../nios_soft_bsp/\libhal_bsp.a(alt_putstr.o)
 .debug_pubnames
                0x000000a1       0x1d ../nios_soft_bsp/\libhal_bsp.a(alt_usleep.o)
 .debug_pubnames
                0x000000be       0x44 ../nios_soft_bsp/\libhal_bsp.a(alt_sys_init.o)
 .debug_pubnames
                0x00000102       0x34 ../nios_soft_bsp/\libhal_bsp.a(altera_avalon_jtag_uart_write.o)
 .debug_pubnames
                0x00000136       0x25 ../nios_soft_bsp/\libhal_bsp.a(alt_busy_sleep.o)
 .debug_pubnames
                0x0000015b       0x2b ../nios_soft_bsp/\libhal_bsp.a(alt_dcache_flush_all.o)
 .debug_pubnames
                0x00000186       0x2b ../nios_soft_bsp/\libhal_bsp.a(alt_icache_flush_all.o)
 .debug_pubnames
                0x000001b1       0x31 ../nios_soft_bsp/\libhal_bsp.a(altera_nios2_qsys_irq.o)
 .debug_pubnames
                0x000001e2       0x1d c:/altera/13.0sp1/nios2eds/bin/gnu/h-i686-mingw32/bin/../lib/gcc/nios2-elf/4.1.2/../../../../nios2-elf/lib/mno-hw-mul\libsmallc.a(lib_a-strlen.o)
 .debug_pubnames
                0x000001ff       0x48 c:/altera/13.0sp1/nios2eds/bin/gnu/h-i686-mingw32/bin/../lib/gcc/nios2-elf/4.1.2/mno-hw-mul\libgcc.a(lib2-divmod.o)
 .debug_pubnames
                0x00000247       0x1f c:/altera/13.0sp1/nios2eds/bin/gnu/h-i686-mingw32/bin/../lib/gcc/nios2-elf/4.1.2/mno-hw-mul\libgcc.a(lib2-mul.o)

.debug_info     0x00000000      0xe3a
 *(.debug_info .gnu.linkonce.wi.*)
 .debug_info    0x00000000       0x81 ../nios_soft_bsp//obj/HAL/src/crt0.o
 .debug_info    0x00000081       0xa2 obj/default/hello_world_small.o
 .debug_info    0x00000123      0x12e ../nios_soft_bsp/\libhal_bsp.a(alt_load.o)
 .debug_info    0x00000251      0x125 ../nios_soft_bsp/\libhal_bsp.a(alt_main.o)
 .debug_info    0x00000376       0xc5 ../nios_soft_bsp/\libhal_bsp.a(alt_putstr.o)
 .debug_info    0x0000043b       0xab ../nios_soft_bsp/\libhal_bsp.a(alt_usleep.o)
 .debug_info    0x000004e6      0x17d ../nios_soft_bsp/\libhal_bsp.a(alt_sys_init.o)
 .debug_info    0x00000663      0x18f ../nios_soft_bsp/\libhal_bsp.a(altera_avalon_jtag_uart_write.o)
 .debug_info    0x000007f2       0xd0 ../nios_soft_bsp/\libhal_bsp.a(alt_busy_sleep.o)
 .debug_info    0x000008c2       0x8d ../nios_soft_bsp/\libhal_bsp.a(alt_dcache_flush_all.o)
 .debug_info    0x0000094f       0x8d ../nios_soft_bsp/\libhal_bsp.a(alt_icache_flush_all.o)
 .debug_info    0x000009dc       0x8d ../nios_soft_bsp/\libhal_bsp.a(altera_nios2_qsys_irq.o)
 .debug_info    0x00000a69       0xc2 c:/altera/13.0sp1/nios2eds/bin/gnu/h-i686-mingw32/bin/../lib/gcc/nios2-elf/4.1.2/../../../../nios2-elf/lib/mno-hw-mul\libsmallc.a(lib_a-strlen.o)
 .debug_info    0x00000b2b      0x21c c:/altera/13.0sp1/nios2eds/bin/gnu/h-i686-mingw32/bin/../lib/gcc/nios2-elf/4.1.2/mno-hw-mul\libgcc.a(lib2-divmod.o)
 .debug_info    0x00000d47       0xf3 c:/altera/13.0sp1/nios2eds/bin/gnu/h-i686-mingw32/bin/../lib/gcc/nios2-elf/4.1.2/mno-hw-mul\libgcc.a(lib2-mul.o)

.debug_abbrev   0x00000000      0x754
 *(.debug_abbrev)
 .debug_abbrev  0x00000000       0x12 ../nios_soft_bsp//obj/HAL/src/crt0.o
 .debug_abbrev  0x00000012       0x4e obj/default/hello_world_small.o
 .debug_abbrev  0x00000060       0x97 ../nios_soft_bsp/\libhal_bsp.a(alt_load.o)
 .debug_abbrev  0x000000f7       0xa6 ../nios_soft_bsp/\libhal_bsp.a(alt_main.o)
 .debug_abbrev  0x0000019d       0x7c ../nios_soft_bsp/\libhal_bsp.a(alt_putstr.o)
 .debug_abbrev  0x00000219       0x5d ../nios_soft_bsp/\libhal_bsp.a(alt_usleep.o)
 .debug_abbrev  0x00000276       0xe3 ../nios_soft_bsp/\libhal_bsp.a(alt_sys_init.o)
 .debug_abbrev  0x00000359       0xf0 ../nios_soft_bsp/\libhal_bsp.a(altera_avalon_jtag_uart_write.o)
 .debug_abbrev  0x00000449       0x79 ../nios_soft_bsp/\libhal_bsp.a(alt_busy_sleep.o)
 .debug_abbrev  0x000004c2       0x3f ../nios_soft_bsp/\libhal_bsp.a(alt_dcache_flush_all.o)
 .debug_abbrev  0x00000501       0x3f ../nios_soft_bsp/\libhal_bsp.a(alt_icache_flush_all.o)
 .debug_abbrev  0x00000540       0x3f ../nios_soft_bsp/\libhal_bsp.a(altera_nios2_qsys_irq.o)
 .debug_abbrev  0x0000057f       0x7a c:/altera/13.0sp1/nios2eds/bin/gnu/h-i686-mingw32/bin/../lib/gcc/nios2-elf/4.1.2/../../../../nios2-elf/lib/mno-hw-mul\libsmallc.a(lib_a-strlen.o)
 .debug_abbrev  0x000005f9       0xe0 c:/altera/13.0sp1/nios2eds/bin/gnu/h-i686-mingw32/bin/../lib/gcc/nios2-elf/4.1.2/mno-hw-mul\libgcc.a(lib2-divmod.o)
 .debug_abbrev  0x000006d9       0x7b c:/altera/13.0sp1/nios2eds/bin/gnu/h-i686-mingw32/bin/../lib/gcc/nios2-elf/4.1.2/mno-hw-mul\libgcc.a(lib2-mul.o)

.debug_line     0x00000000     0x1e89
 *(.debug_line)
 .debug_line    0x00000000       0x66 ../nios_soft_bsp//obj/HAL/src/crt0.o
 .debug_line    0x00000066      0x2a6 obj/default/hello_world_small.o
 .debug_line    0x0000030c      0x217 ../nios_soft_bsp/\libhal_bsp.a(alt_load.o)
 .debug_line    0x00000523      0x2c2 ../nios_soft_bsp/\libhal_bsp.a(alt_main.o)
 .debug_line    0x000007e5      0x1d9 ../nios_soft_bsp/\libhal_bsp.a(alt_putstr.o)
 .debug_line    0x000009be      0x202 ../nios_soft_bsp/\libhal_bsp.a(alt_usleep.o)
 .debug_line    0x00000bc0      0x286 ../nios_soft_bsp/\libhal_bsp.a(alt_sys_init.o)
 .debug_line    0x00000e46      0x2f4 ../nios_soft_bsp/\libhal_bsp.a(altera_avalon_jtag_uart_write.o)
 .debug_line    0x0000113a      0x25e ../nios_soft_bsp/\libhal_bsp.a(alt_busy_sleep.o)
 .debug_line    0x00001398      0x1b5 ../nios_soft_bsp/\libhal_bsp.a(alt_dcache_flush_all.o)
 .debug_line    0x0000154d      0x1b5 ../nios_soft_bsp/\libhal_bsp.a(alt_icache_flush_all.o)
 .debug_line    0x00001702      0x1ce ../nios_soft_bsp/\libhal_bsp.a(altera_nios2_qsys_irq.o)
 .debug_line    0x000018d0      0x250 c:/altera/13.0sp1/nios2eds/bin/gnu/h-i686-mingw32/bin/../lib/gcc/nios2-elf/4.1.2/../../../../nios2-elf/lib/mno-hw-mul\libsmallc.a(lib_a-strlen.o)
 .debug_line    0x00001b20      0x24f c:/altera/13.0sp1/nios2eds/bin/gnu/h-i686-mingw32/bin/../lib/gcc/nios2-elf/4.1.2/mno-hw-mul\libgcc.a(lib2-divmod.o)
 .debug_line    0x00001d6f      0x11a c:/altera/13.0sp1/nios2eds/bin/gnu/h-i686-mingw32/bin/../lib/gcc/nios2-elf/4.1.2/mno-hw-mul\libgcc.a(lib2-mul.o)

.debug_frame    0x00000000      0x260
 *(.debug_frame)
 .debug_frame   0x00000000       0x28 obj/default/hello_world_small.o
 .debug_frame   0x00000028       0x38 ../nios_soft_bsp/\libhal_bsp.a(alt_load.o)
 .debug_frame   0x00000060       0x28 ../nios_soft_bsp/\libhal_bsp.a(alt_main.o)
 .debug_frame   0x00000088       0x28 ../nios_soft_bsp/\libhal_bsp.a(alt_putstr.o)
 .debug_frame   0x000000b0       0x20 ../nios_soft_bsp/\libhal_bsp.a(alt_usleep.o)
 .debug_frame   0x000000d0       0x38 ../nios_soft_bsp/\libhal_bsp.a(alt_sys_init.o)
 .debug_frame   0x00000108       0x20 ../nios_soft_bsp/\libhal_bsp.a(altera_avalon_jtag_uart_write.o)
 .debug_frame   0x00000128       0x28 ../nios_soft_bsp/\libhal_bsp.a(alt_busy_sleep.o)
 .debug_frame   0x00000150       0x20 ../nios_soft_bsp/\libhal_bsp.a(alt_dcache_flush_all.o)
 .debug_frame   0x00000170       0x20 ../nios_soft_bsp/\libhal_bsp.a(alt_icache_flush_all.o)
 .debug_frame   0x00000190       0x20 ../nios_soft_bsp/\libhal_bsp.a(altera_nios2_qsys_irq.o)
 .debug_frame   0x000001b0       0x20 c:/altera/13.0sp1/nios2eds/bin/gnu/h-i686-mingw32/bin/../lib/gcc/nios2-elf/4.1.2/../../../../nios2-elf/lib/mno-hw-mul\libsmallc.a(lib_a-strlen.o)
 .debug_frame   0x000001d0       0x70 c:/altera/13.0sp1/nios2eds/bin/gnu/h-i686-mingw32/bin/../lib/gcc/nios2-elf/4.1.2/mno-hw-mul\libgcc.a(lib2-divmod.o)
 .debug_frame   0x00000240       0x20 c:/altera/13.0sp1/nios2eds/bin/gnu/h-i686-mingw32/bin/../lib/gcc/nios2-elf/4.1.2/mno-hw-mul\libgcc.a(lib2-mul.o)

.debug_str      0x00000000      0x6d9
 *(.debug_str)
 .debug_str     0x00000000       0xc5 obj/default/hello_world_small.o
                                0x103 (size before relaxing)
 .debug_str     0x000000c5      0x141 ../nios_soft_bsp/\libhal_bsp.a(alt_load.o)
                                0x1d6 (size before relaxing)
 .debug_str     0x00000206       0x75 ../nios_soft_bsp/\libhal_bsp.a(alt_main.o)
                                0x15a (size before relaxing)
 .debug_str     0x0000027b       0x4c ../nios_soft_bsp/\libhal_bsp.a(alt_putstr.o)
                                0x131 (size before relaxing)
 .debug_str     0x000002c7       0x27 ../nios_soft_bsp/\libhal_bsp.a(alt_usleep.o)
                                0x10c (size before relaxing)
 .debug_str     0x000002ee       0x85 ../nios_soft_bsp/\libhal_bsp.a(alt_sys_init.o)
                                0x1cf (size before relaxing)
 .debug_str     0x00000373       0x56 ../nios_soft_bsp/\libhal_bsp.a(altera_avalon_jtag_uart_write.o)
                                0x1d2 (size before relaxing)
 .debug_str     0x000003c9       0x42 ../nios_soft_bsp/\libhal_bsp.a(alt_busy_sleep.o)
                                0x12f (size before relaxing)
 .debug_str     0x0000040b       0x34 ../nios_soft_bsp/\libhal_bsp.a(alt_dcache_flush_all.o)
                                0x119 (size before relaxing)
 .debug_str     0x0000043f       0x34 ../nios_soft_bsp/\libhal_bsp.a(alt_icache_flush_all.o)
                                0x119 (size before relaxing)
 .debug_str     0x00000473       0x3b ../nios_soft_bsp/\libhal_bsp.a(altera_nios2_qsys_irq.o)
                                0x120 (size before relaxing)
 .debug_str     0x000004ae       0xe9 c:/altera/13.0sp1/nios2eds/bin/gnu/h-i686-mingw32/bin/../lib/gcc/nios2-elf/4.1.2/../../../../nios2-elf/lib/mno-hw-mul\libsmallc.a(lib_a-strlen.o)
                                0x184 (size before relaxing)
 .debug_str     0x00000597      0x10b c:/altera/13.0sp1/nios2eds/bin/gnu/h-i686-mingw32/bin/../lib/gcc/nios2-elf/4.1.2/mno-hw-mul\libgcc.a(lib2-divmod.o)
                                0x1b4 (size before relaxing)
 .debug_str     0x000006a2       0x37 c:/altera/13.0sp1/nios2eds/bin/gnu/h-i686-mingw32/bin/../lib/gcc/nios2-elf/4.1.2/mno-hw-mul\libgcc.a(lib2-mul.o)
                                0x175 (size before relaxing)

.debug_loc      0x00000000      0x3c8
 *(.debug_loc)
 .debug_loc     0x00000000       0x48 obj/default/hello_world_small.o
 .debug_loc     0x00000048       0x1f ../nios_soft_bsp/\libhal_bsp.a(alt_load.o)
 .debug_loc     0x00000067       0x1f ../nios_soft_bsp/\libhal_bsp.a(alt_main.o)
 .debug_loc     0x00000086       0x48 ../nios_soft_bsp/\libhal_bsp.a(alt_putstr.o)
 .debug_loc     0x000000ce       0x13 ../nios_soft_bsp/\libhal_bsp.a(alt_usleep.o)
 .debug_loc     0x000000e1       0x32 ../nios_soft_bsp/\libhal_bsp.a(alt_sys_init.o)
 .debug_loc     0x00000113       0x26 ../nios_soft_bsp/\libhal_bsp.a(altera_avalon_jtag_uart_write.o)
 .debug_loc     0x00000139       0x50 ../nios_soft_bsp/\libhal_bsp.a(alt_busy_sleep.o)
 .debug_loc     0x00000189       0x1e c:/altera/13.0sp1/nios2eds/bin/gnu/h-i686-mingw32/bin/../lib/gcc/nios2-elf/4.1.2/../../../../nios2-elf/lib/mno-hw-mul\libsmallc.a(lib_a-strlen.o)
 .debug_loc     0x000001a7      0x1d2 c:/altera/13.0sp1/nios2eds/bin/gnu/h-i686-mingw32/bin/../lib/gcc/nios2-elf/4.1.2/mno-hw-mul\libgcc.a(lib2-divmod.o)
 .debug_loc     0x00000379       0x4f c:/altera/13.0sp1/nios2eds/bin/gnu/h-i686-mingw32/bin/../lib/gcc/nios2-elf/4.1.2/mno-hw-mul\libgcc.a(lib2-mul.o)

.debug_macinfo
 *(.debug_macinfo)

.debug_weaknames
 *(.debug_weaknames)

.debug_funcnames
 *(.debug_funcnames)

.debug_typenames
 *(.debug_typenames)

.debug_varnames
 *(.debug_varnames)

.debug_alt_sim_info
                0x00000000       0x40
 *(.debug_alt_sim_info)
 .debug_alt_sim_info
                0x00000000       0x10 ../nios_soft_bsp//obj/HAL/src/crt0.o
 .debug_alt_sim_info
                0x00000010       0x30 ../nios_soft_bsp/\libhal_bsp.a(alt_busy_sleep.o)
                0x0000ce20                __alt_data_end = 0xce20
                0x0000ce20                PROVIDE (__alt_stack_pointer, __alt_data_end)
                0x000084ac                PROVIDE (__alt_stack_limit, __alt_stack_base)
                0x000084ac                PROVIDE (__alt_heap_start, end)
                0x0000ce20                PROVIDE (__alt_heap_limit, 0xce20)
OUTPUT(nios_soft.elf elf32-littlenios2)

.debug_ranges   0x00000000       0x20
 .debug_ranges  0x00000000       0x20 ../nios_soft_bsp//obj/HAL/src/crt0.o
