Archive member included because of file (symbol)

../nios_soft_lab_3_bsp/\libhal_bsp.a(alt_load.o)
                              ../nios_soft_lab_3_bsp//obj/HAL/src/crt0.o (alt_load)
../nios_soft_lab_3_bsp/\libhal_bsp.a(alt_main.o)
                              ../nios_soft_lab_3_bsp//obj/HAL/src/crt0.o (alt_main)
../nios_soft_lab_3_bsp/\libhal_bsp.a(alt_putstr.o)
                              obj/default/hello_world_small.o (alt_putstr)
../nios_soft_lab_3_bsp/\libhal_bsp.a(alt_usleep.o)
                              obj/default/hello_world_small.o (usleep)
../nios_soft_lab_3_bsp/\libhal_bsp.a(alt_sys_init.o)
                              ../nios_soft_lab_3_bsp/\libhal_bsp.a(alt_main.o) (alt_sys_init)
../nios_soft_lab_3_bsp/\libhal_bsp.a(altera_avalon_jtag_uart_write.o)
                              ../nios_soft_lab_3_bsp/\libhal_bsp.a(alt_putstr.o) (altera_avalon_jtag_uart_write)
../nios_soft_lab_3_bsp/\libhal_bsp.a(alt_busy_sleep.o)
                              ../nios_soft_lab_3_bsp/\libhal_bsp.a(alt_usleep.o) (alt_busy_sleep)
../nios_soft_lab_3_bsp/\libhal_bsp.a(alt_dcache_flush_all.o)
                              ../nios_soft_lab_3_bsp/\libhal_bsp.a(alt_load.o) (alt_dcache_flush_all)
../nios_soft_lab_3_bsp/\libhal_bsp.a(alt_icache_flush_all.o)
                              ../nios_soft_lab_3_bsp/\libhal_bsp.a(alt_load.o) (alt_icache_flush_all)
../nios_soft_lab_3_bsp/\libhal_bsp.a(altera_nios2_qsys_irq.o)
                              ../nios_soft_lab_3_bsp/\libhal_bsp.a(alt_sys_init.o) (altera_nios2_qsys_irq_init)
c:/altera/13.0sp1/nios2eds/bin/gnu/h-i686-mingw32/bin/../lib/gcc/nios2-elf/4.1.2/../../../../nios2-elf/lib/mno-hw-mul\libsmallc.a(lib_a-strlen.o)
                              ../nios_soft_lab_3_bsp/\libhal_bsp.a(alt_putstr.o) (strlen)
c:/altera/13.0sp1/nios2eds/bin/gnu/h-i686-mingw32/bin/../lib/gcc/nios2-elf/4.1.2/mno-hw-mul\libgcc.a(lib2-divmod.o)
                              ../nios_soft_lab_3_bsp/\libhal_bsp.a(alt_busy_sleep.o) (__udivsi3)
c:/altera/13.0sp1/nios2eds/bin/gnu/h-i686-mingw32/bin/../lib/gcc/nios2-elf/4.1.2/mno-hw-mul\libgcc.a(lib2-mul.o)
                              ../nios_soft_lab_3_bsp/\libhal_bsp.a(alt_busy_sleep.o) (__mulsi3)

Memory Configuration

Name             Origin             Length             Attributes
reset            0x00008000         0x00000020
onchip_memory2_0 0x00008020         0x00004e00
*default*        0x00000000         0xffffffff

Linker script and memory map

LOAD ../nios_soft_lab_3_bsp//obj/HAL/src/crt0.o
                0x0000800c                exit = _exit
LOAD obj/default/hello_world_small.o
LOAD c:/altera/13.0sp1/nios2eds/bin/gnu/h-i686-mingw32/bin/../lib/gcc/nios2-elf/4.1.2/../../../../nios2-elf/lib/mno-hw-mul\libstdc++.a
LOAD c:/altera/13.0sp1/nios2eds/bin/gnu/h-i686-mingw32/bin/../lib/gcc/nios2-elf/4.1.2/../../../../nios2-elf/lib/mno-hw-mul\libm.a
LOAD c:/altera/13.0sp1/nios2eds/bin/gnu/h-i686-mingw32/bin/../lib/gcc/nios2-elf/4.1.2/mno-hw-mul\libgcc.a
START GROUP
LOAD c:/altera/13.0sp1/nios2eds/bin/gnu/h-i686-mingw32/bin/../lib/gcc/nios2-elf/4.1.2/../../../../nios2-elf/lib/mno-hw-mul\libsmallc.a
LOAD c:/altera/13.0sp1/nios2eds/bin/gnu/h-i686-mingw32/bin/../lib/gcc/nios2-elf/4.1.2/mno-hw-mul\libgcc.a
LOAD ../nios_soft_lab_3_bsp/\libhal_bsp.a
END GROUP
LOAD c:/altera/13.0sp1/nios2eds/bin/gnu/h-i686-mingw32/bin/../lib/gcc/nios2-elf/4.1.2/mno-hw-mul\libgcc.a
                0x00008000                __alt_mem_onchip_memory2_0 = 0x8000

.entry          0x00008000       0x20
 *(.entry)
 .entry         0x00008000       0x20 ../nios_soft_lab_3_bsp//obj/HAL/src/crt0.o
                0x00008000                __reset
                0x0000800c                _exit

.exceptions     0x00008020        0x0
                0x00008020                PROVIDE (__ram_exceptions_start, ABSOLUTE (.))
                0x00008020                . = ALIGN (0x20)
 *(.irq)
 *(.exceptions.entry.label)
 *(.exceptions.entry.user)
 *(.exceptions.entry)
 *(.exceptions.irqtest.user)
 *(.exceptions.irqtest)
 *(.exceptions.irqhandler.user)
 *(.exceptions.irqhandler)
 *(.exceptions.irqreturn.user)
 *(.exceptions.irqreturn)
 *(.exceptions.notirq.label)
 *(.exceptions.notirq.user)
 *(.exceptions.notirq)
 *(.exceptions.soft.user)
 *(.exceptions.soft)
 *(.exceptions.unknown.user)
 *(.exceptions.unknown)
 *(.exceptions.exit.label)
 *(.exceptions.exit.user)
 *(.exceptions.exit)
 *(.exceptions)
                0x00008020                PROVIDE (__ram_exceptions_end, ABSOLUTE (.))
                0x00008020                PROVIDE (__flash_exceptions_start, LOADADDR (.exceptions))

.text           0x00008020      0x4b4
                0x00008020                PROVIDE (stext, ABSOLUTE (.))
 *(.interp)
 *(.hash)
 *(.dynsym)
 *(.dynstr)
 *(.gnu.version)
 *(.gnu.version_d)
 *(.gnu.version_r)
 *(.rel.init)
 *(.rela.init)
 *(.rel.text .rel.text.* .rel.gnu.linkonce.t.*)
 *(.rela.text .rela.text.* .rela.gnu.linkonce.t.*)
 *(.rel.fini)
 *(.rela.fini)
 *(.rel.rodata .rel.rodata.* .rel.gnu.linkonce.r.*)
 *(.rela.rodata .rela.rodata.* .rela.gnu.linkonce.r.*)
 *(.rel.data .rel.data.* .rel.gnu.linkonce.d.*)
 *(.rela.data .rela.data.* .rela.gnu.linkonce.d.*)
 *(.rel.tdata .rel.tdata.* .rel.gnu.linkonce.td.*)
 *(.rela.tdata .rela.tdata.* .rela.gnu.linkonce.td.*)
 *(.rel.tbss .rel.tbss.* .rel.gnu.linkonce.tb.*)
 *(.rela.tbss .rela.tbss.* .rela.gnu.linkonce.tb.*)
 *(.rel.ctors)
 *(.rela.ctors)
 *(.rel.dtors)
 *(.rela.dtors)
 *(.rel.got)
 *(.rela.got)
 *(.rel.sdata .rel.sdata.* .rel.gnu.linkonce.s.*)
 *(.rela.sdata .rela.sdata.* .rela.gnu.linkonce.s.*)
 *(.rel.sbss .rel.sbss.* .rel.gnu.linkonce.sb.*)
 *(.rela.sbss .rela.sbss.* .rela.gnu.linkonce.sb.*)
 *(.rel.sdata2 .rel.sdata2.* .rel.gnu.linkonce.s2.*)
 *(.rela.sdata2 .rela.sdata2.* .rela.gnu.linkonce.s2.*)
 *(.rel.sbss2 .rel.sbss2.* .rel.gnu.linkonce.sb2.*)
 *(.rela.sbss2 .rela.sbss2.* .rela.gnu.linkonce.sb2.*)
 *(.rel.bss .rel.bss.* .rel.gnu.linkonce.b.*)
 *(.rela.bss .rela.bss.* .rela.gnu.linkonce.b.*)
 *(.rel.plt)
 *(.rela.plt)
 *(.rel.dyn)
 *(.init)
 *(.plt)
 *(.text .stub .text.* .gnu.linkonce.t.*)
 .text          0x00008020       0x3c ../nios_soft_lab_3_bsp//obj/HAL/src/crt0.o
                0x00008020                _start
 .text          0x0000805c       0xec obj/default/hello_world_small.o
                0x0000805c                main
 .text          0x00008148       0x8c ../nios_soft_lab_3_bsp/\libhal_bsp.a(alt_load.o)
                0x00008168                alt_load
 .text          0x000081d4       0x2c ../nios_soft_lab_3_bsp/\libhal_bsp.a(alt_main.o)
                0x000081d4                alt_main
 .text          0x00008200       0x38 ../nios_soft_lab_3_bsp/\libhal_bsp.a(alt_putstr.o)
                0x00008200                alt_putstr
 .text          0x00008238        0x4 ../nios_soft_lab_3_bsp/\libhal_bsp.a(alt_usleep.o)
                0x00008238                usleep
 .text          0x0000823c       0x24 ../nios_soft_lab_3_bsp/\libhal_bsp.a(alt_sys_init.o)
                0x0000823c                alt_sys_init
                0x00008240                alt_irq_init
 .text          0x00008260       0x34 ../nios_soft_lab_3_bsp/\libhal_bsp.a(altera_avalon_jtag_uart_write.o)
                0x00008260                altera_avalon_jtag_uart_write
 .text          0x00008294       0x8c ../nios_soft_lab_3_bsp/\libhal_bsp.a(alt_busy_sleep.o)
                0x00008294                alt_busy_sleep
 .text          0x00008320        0x4 ../nios_soft_lab_3_bsp/\libhal_bsp.a(alt_dcache_flush_all.o)
                0x00008320                alt_dcache_flush_all
 .text          0x00008324        0x4 ../nios_soft_lab_3_bsp/\libhal_bsp.a(alt_icache_flush_all.o)
                0x00008324                alt_icache_flush_all
 .text          0x00008328        0x8 ../nios_soft_lab_3_bsp/\libhal_bsp.a(altera_nios2_qsys_irq.o)
                0x00008328                altera_nios2_qsys_irq_init
 .text          0x00008330       0x20 c:/altera/13.0sp1/nios2eds/bin/gnu/h-i686-mingw32/bin/../lib/gcc/nios2-elf/4.1.2/../../../../nios2-elf/lib/mno-hw-mul\libsmallc.a(lib_a-strlen.o)
                0x00008330                strlen
 .text          0x00008350      0x14c c:/altera/13.0sp1/nios2eds/bin/gnu/h-i686-mingw32/bin/../lib/gcc/nios2-elf/4.1.2/mno-hw-mul\libgcc.a(lib2-divmod.o)
                0x000083cc                __divsi3
                0x0000842c                __modsi3
                0x0000848c                __udivsi3
                0x00008494                __umodsi3
 .text          0x0000849c       0x38 c:/altera/13.0sp1/nios2eds/bin/gnu/h-i686-mingw32/bin/../lib/gcc/nios2-elf/4.1.2/mno-hw-mul\libgcc.a(lib2-mul.o)
                0x0000849c                __mulsi3
 *(.gnu.warning.*)
 *(.fini)
                0x000084d4                PROVIDE (__etext, ABSOLUTE (.))
                0x000084d4                PROVIDE (_etext, ABSOLUTE (.))
                0x000084d4                PROVIDE (etext, ABSOLUTE (.))
 *(.eh_frame_hdr)
                0x000084d4                . = ALIGN (0x4)
                0x000084d4                PROVIDE (__preinit_array_start, ABSOLUTE (.))
 *(.preinit_array)
                0x000084d4                PROVIDE (__preinit_array_end, ABSOLUTE (.))
                0x000084d4                PROVIDE (__init_array_start, ABSOLUTE (.))
 *(.init_array)
                0x000084d4                PROVIDE (__init_array_end, ABSOLUTE (.))
                0x000084d4                PROVIDE (__fini_array_start, ABSOLUTE (.))
 *(.fini_array)
                0x000084d4                PROVIDE (__fini_array_end, ABSOLUTE (.))
 *(.eh_frame)
 *(.gcc_except_table)
 *(.dynamic)
                0x000084d4                PROVIDE (__CTOR_LIST__, ABSOLUTE (.))
 *(.ctors)
 *(SORT(.ctors.*))
                0x000084d4                PROVIDE (__CTOR_END__, ABSOLUTE (.))
                0x000084d4                PROVIDE (__DTOR_LIST__, ABSOLUTE (.))
 *(.dtors)
 *(SORT(.dtors.*))
                0x000084d4                PROVIDE (__DTOR_END__, ABSOLUTE (.))
 *(.jcr)
                0x000084d4                . = ALIGN (0x4)

.rodata         0x000084d4       0x18
                0x000084d4                PROVIDE (__ram_rodata_start, ABSOLUTE (.))
                0x000084d4                . = ALIGN (0x4)
 *(.rodata .rodata.* .gnu.linkonce.r.*)
 .rodata.str1.4
                0x000084d4       0x18 obj/default/hello_world_small.o
 *(.rodata1)
                0x000084ec                . = ALIGN (0x4)
                0x000084ec                PROVIDE (__ram_rodata_end, ABSOLUTE (.))
                0x000084d4                PROVIDE (__flash_rodata_start, LOADADDR (.rodata))

.rwdata         0x000084ec        0x4 load address 0x000084f0
                0x000084ec                PROVIDE (__ram_rwdata_start, ABSOLUTE (.))
                0x000084ec                . = ALIGN (0x4)
 *(.got.plt)
 *(.got)
 *(.data1)
 *(.data .data.* .gnu.linkonce.d.*)
 .data          0x000084ec        0x0 ../nios_soft_lab_3_bsp//obj/HAL/src/crt0.o
 .data          0x000084ec        0x0 obj/default/hello_world_small.o
 .data          0x000084ec        0x0 ../nios_soft_lab_3_bsp/\libhal_bsp.a(alt_load.o)
 .data          0x000084ec        0x0 ../nios_soft_lab_3_bsp/\libhal_bsp.a(alt_main.o)
 .data          0x000084ec        0x0 ../nios_soft_lab_3_bsp/\libhal_bsp.a(alt_putstr.o)
 .data          0x000084ec        0x0 ../nios_soft_lab_3_bsp/\libhal_bsp.a(alt_usleep.o)
 .data          0x000084ec        0x0 ../nios_soft_lab_3_bsp/\libhal_bsp.a(alt_sys_init.o)
 .data          0x000084ec        0x0 ../nios_soft_lab_3_bsp/\libhal_bsp.a(altera_avalon_jtag_uart_write.o)
 .data          0x000084ec        0x0 ../nios_soft_lab_3_bsp/\libhal_bsp.a(alt_busy_sleep.o)
 .data          0x000084ec        0x0 ../nios_soft_lab_3_bsp/\libhal_bsp.a(alt_dcache_flush_all.o)
 .data          0x000084ec        0x0 ../nios_soft_lab_3_bsp/\libhal_bsp.a(alt_icache_flush_all.o)
 .data          0x000084ec        0x0 ../nios_soft_lab_3_bsp/\libhal_bsp.a(altera_nios2_qsys_irq.o)
 .data          0x000084ec        0x0 c:/altera/13.0sp1/nios2eds/bin/gnu/h-i686-mingw32/bin/../lib/gcc/nios2-elf/4.1.2/../../../../nios2-elf/lib/mno-hw-mul\libsmallc.a(lib_a-strlen.o)
 .data          0x000084ec        0x0 c:/altera/13.0sp1/nios2eds/bin/gnu/h-i686-mingw32/bin/../lib/gcc/nios2-elf/4.1.2/mno-hw-mul\libgcc.a(lib2-divmod.o)
 .data          0x000084ec        0x0 c:/altera/13.0sp1/nios2eds/bin/gnu/h-i686-mingw32/bin/../lib/gcc/nios2-elf/4.1.2/mno-hw-mul\libgcc.a(lib2-mul.o)
                0x000104ec                _gp = ABSOLUTE ((. + 0x8000))
                0x000104ec                PROVIDE (gp, _gp)
 *(.rwdata .rwdata.*)
 *(.sdata .sdata.* .gnu.linkonce.s.*)
 .sdata         0x000084ec        0x4 ../nios_soft_lab_3_bsp/\libhal_bsp.a(alt_sys_init.o)
                0x000084ec                jtag_uart_0
 *(.sdata2 .sdata2.* .gnu.linkonce.s2.*)
                0x000084f0                . = ALIGN (0x4)
                0x000084f0                _edata = ABSOLUTE (.)
                0x000084f0                PROVIDE (edata, ABSOLUTE (.))
                0x000084f0                PROVIDE (__ram_rwdata_end, ABSOLUTE (.))
                0x000084f0                PROVIDE (__flash_rwdata_start, LOADADDR (.rwdata))

.bss            0x000084f4        0xc
                0x000084f4                __bss_start = ABSOLUTE (.)
                0x000084f4                PROVIDE (__sbss_start, ABSOLUTE (.))
                0x000084f4                PROVIDE (___sbss_start, ABSOLUTE (.))
 *(.dynsbss)
 *(.sbss .sbss.* .gnu.linkonce.sb.*)
 .sbss          0x000084f4        0xc ../nios_soft_lab_3_bsp/\libhal_bsp.a(alt_main.o)
                0x000084f4                alt_argc
                0x000084f8                alt_argv
                0x000084fc                alt_envp
 *(.sbss2 .sbss2.* .gnu.linkonce.sb2.*)
 *(.scommon)
                0x00008500                PROVIDE (__sbss_end, ABSOLUTE (.))
                0x00008500                PROVIDE (___sbss_end, ABSOLUTE (.))
 *(.dynbss)
 *(.bss .bss.* .gnu.linkonce.b.*)
 .bss           0x00008500        0x0 ../nios_soft_lab_3_bsp//obj/HAL/src/crt0.o
 .bss           0x00008500        0x0 obj/default/hello_world_small.o
 .bss           0x00008500        0x0 ../nios_soft_lab_3_bsp/\libhal_bsp.a(alt_load.o)
 .bss           0x00008500        0x0 ../nios_soft_lab_3_bsp/\libhal_bsp.a(alt_main.o)
 .bss           0x00008500        0x0 ../nios_soft_lab_3_bsp/\libhal_bsp.a(alt_putstr.o)
 .bss           0x00008500        0x0 ../nios_soft_lab_3_bsp/\libhal_bsp.a(alt_usleep.o)
 .bss           0x00008500        0x0 ../nios_soft_lab_3_bsp/\libhal_bsp.a(alt_sys_init.o)
 .bss           0x00008500        0x0 ../nios_soft_lab_3_bsp/\libhal_bsp.a(altera_avalon_jtag_uart_write.o)
 .bss           0x00008500        0x0 ../nios_soft_lab_3_bsp/\libhal_bsp.a(alt_busy_sleep.o)
 .bss           0x00008500        0x0 ../nios_soft_lab_3_bsp/\libhal_bsp.a(alt_dcache_flush_all.o)
 .bss           0x00008500        0x0 ../nios_soft_lab_3_bsp/\libhal_bsp.a(alt_icache_flush_all.o)
 .bss           0x00008500        0x0 ../nios_soft_lab_3_bsp/\libhal_bsp.a(altera_nios2_qsys_irq.o)
 .bss           0x00008500        0x0 c:/altera/13.0sp1/nios2eds/bin/gnu/h-i686-mingw32/bin/../lib/gcc/nios2-elf/4.1.2/../../../../nios2-elf/lib/mno-hw-mul\libsmallc.a(lib_a-strlen.o)
 .bss           0x00008500        0x0 c:/altera/13.0sp1/nios2eds/bin/gnu/h-i686-mingw32/bin/../lib/gcc/nios2-elf/4.1.2/mno-hw-mul\libgcc.a(lib2-divmod.o)
 .bss           0x00008500        0x0 c:/altera/13.0sp1/nios2eds/bin/gnu/h-i686-mingw32/bin/../lib/gcc/nios2-elf/4.1.2/mno-hw-mul\libgcc.a(lib2-mul.o)
 *(COMMON)
                0x00008500                . = ALIGN (0x4)
                0x00008500                __bss_end = ABSOLUTE (.)

.onchip_memory2_0
                0x00008500        0x0
                0x00008500                PROVIDE (_alt_partition_onchip_memory2_0_start, ABSOLUTE (.))
 *(.onchip_memory2_0. onchip_memory2_0.*)
                0x00008500                . = ALIGN (0x4)
                0x00008500                PROVIDE (_alt_partition_onchip_memory2_0_end, ABSOLUTE (.))
                0x00008500                _end = ABSOLUTE (.)
                0x00008500                end = ABSOLUTE (.)
                0x00008500                __alt_stack_base = ABSOLUTE (.)
                0x00008500                PROVIDE (_alt_partition_onchip_memory2_0_load_addr, LOADADDR (.onchip_memory2_0))

.stab
 *(.stab)

.stabstr
 *(.stabstr)

.stab.excl
 *(.stab.excl)

.stab.exclstr
 *(.stab.exclstr)

.stab.index
 *(.stab.index)

.stab.indexstr
 *(.stab.indexstr)

.comment        0x00000000       0x26
 *(.comment)
 .comment       0x00000000       0x26 obj/default/hello_world_small.o
                                 0x27 (size before relaxing)
 .comment       0x00000000       0x27 ../nios_soft_lab_3_bsp/\libhal_bsp.a(alt_load.o)
 .comment       0x00000000       0x27 ../nios_soft_lab_3_bsp/\libhal_bsp.a(alt_main.o)
 .comment       0x00000000       0x27 ../nios_soft_lab_3_bsp/\libhal_bsp.a(alt_putstr.o)
 .comment       0x00000000       0x27 ../nios_soft_lab_3_bsp/\libhal_bsp.a(alt_usleep.o)
 .comment       0x00000000       0x27 ../nios_soft_lab_3_bsp/\libhal_bsp.a(alt_sys_init.o)
 .comment       0x00000000       0x27 ../nios_soft_lab_3_bsp/\libhal_bsp.a(altera_avalon_jtag_uart_write.o)
 .comment       0x00000000       0x27 ../nios_soft_lab_3_bsp/\libhal_bsp.a(alt_busy_sleep.o)
 .comment       0x00000000       0x27 ../nios_soft_lab_3_bsp/\libhal_bsp.a(alt_dcache_flush_all.o)
 .comment       0x00000000       0x27 ../nios_soft_lab_3_bsp/\libhal_bsp.a(alt_icache_flush_all.o)
 .comment       0x00000000       0x27 ../nios_soft_lab_3_bsp/\libhal_bsp.a(altera_nios2_qsys_irq.o)
 .comment       0x00000000       0x27 c:/altera/13.0sp1/nios2eds/bin/gnu/h-i686-mingw32/bin/../lib/gcc/nios2-elf/4.1.2/../../../../nios2-elf/lib/mno-hw-mul\libsmallc.a(lib_a-strlen.o)
 .comment       0x00000000       0x27 c:/altera/13.0sp1/nios2eds/bin/gnu/h-i686-mingw32/bin/../lib/gcc/nios2-elf/4.1.2/mno-hw-mul\libgcc.a(lib2-divmod.o)
 .comment       0x00000000       0x27 c:/altera/13.0sp1/nios2eds/bin/gnu/h-i686-mingw32/bin/../lib/gcc/nios2-elf/4.1.2/mno-hw-mul\libgcc.a(lib2-mul.o)

.debug
 *(.debug)

.line
 *(.line)

.debug_srcinfo
 *(.debug_srcinfo)

.debug_sfnames
 *(.debug_sfnames)

.debug_aranges  0x00000000      0x1e8
 *(.debug_aranges)
 .debug_aranges
                0x00000000       0x28 ../nios_soft_lab_3_bsp//obj/HAL/src/crt0.o
 .debug_aranges
                0x00000028       0x20 obj/default/hello_world_small.o
 .debug_aranges
                0x00000048       0x20 ../nios_soft_lab_3_bsp/\libhal_bsp.a(alt_load.o)
 .debug_aranges
                0x00000068       0x20 ../nios_soft_lab_3_bsp/\libhal_bsp.a(alt_main.o)
 .debug_aranges
                0x00000088       0x20 ../nios_soft_lab_3_bsp/\libhal_bsp.a(alt_putstr.o)
 .debug_aranges
                0x000000a8       0x20 ../nios_soft_lab_3_bsp/\libhal_bsp.a(alt_usleep.o)
 .debug_aranges
                0x000000c8       0x20 ../nios_soft_lab_3_bsp/\libhal_bsp.a(alt_sys_init.o)
 .debug_aranges
                0x000000e8       0x20 ../nios_soft_lab_3_bsp/\libhal_bsp.a(altera_avalon_jtag_uart_write.o)
 .debug_aranges
                0x00000108       0x20 ../nios_soft_lab_3_bsp/\libhal_bsp.a(alt_busy_sleep.o)
 .debug_aranges
                0x00000128       0x20 ../nios_soft_lab_3_bsp/\libhal_bsp.a(alt_dcache_flush_all.o)
 .debug_aranges
                0x00000148       0x20 ../nios_soft_lab_3_bsp/\libhal_bsp.a(alt_icache_flush_all.o)
 .debug_aranges
                0x00000168       0x20 ../nios_soft_lab_3_bsp/\libhal_bsp.a(altera_nios2_qsys_irq.o)
 .debug_aranges
                0x00000188       0x20 c:/altera/13.0sp1/nios2eds/bin/gnu/h-i686-mingw32/bin/../lib/gcc/nios2-elf/4.1.2/../../../../nios2-elf/lib/mno-hw-mul\libsmallc.a(lib_a-strlen.o)
 .debug_aranges
                0x000001a8       0x20 c:/altera/13.0sp1/nios2eds/bin/gnu/h-i686-mingw32/bin/../lib/gcc/nios2-elf/4.1.2/mno-hw-mul\libgcc.a(lib2-divmod.o)
 .debug_aranges
                0x000001c8       0x20 c:/altera/13.0sp1/nios2eds/bin/gnu/h-i686-mingw32/bin/../lib/gcc/nios2-elf/4.1.2/mno-hw-mul\libgcc.a(lib2-mul.o)

.debug_pubnames
                0x00000000      0x266
 *(.debug_pubnames)
 .debug_pubnames
                0x00000000       0x1b obj/default/hello_world_small.o
 .debug_pubnames
                0x0000001b       0x1f ../nios_soft_lab_3_bsp/\libhal_bsp.a(alt_load.o)
 .debug_pubnames
                0x0000003a       0x46 ../nios_soft_lab_3_bsp/\libhal_bsp.a(alt_main.o)
 .debug_pubnames
                0x00000080       0x21 ../nios_soft_lab_3_bsp/\libhal_bsp.a(alt_putstr.o)
 .debug_pubnames
                0x000000a1       0x1d ../nios_soft_lab_3_bsp/\libhal_bsp.a(alt_usleep.o)
 .debug_pubnames
                0x000000be       0x44 ../nios_soft_lab_3_bsp/\libhal_bsp.a(alt_sys_init.o)
 .debug_pubnames
                0x00000102       0x34 ../nios_soft_lab_3_bsp/\libhal_bsp.a(altera_avalon_jtag_uart_write.o)
 .debug_pubnames
                0x00000136       0x25 ../nios_soft_lab_3_bsp/\libhal_bsp.a(alt_busy_sleep.o)
 .debug_pubnames
                0x0000015b       0x2b ../nios_soft_lab_3_bsp/\libhal_bsp.a(alt_dcache_flush_all.o)
 .debug_pubnames
                0x00000186       0x2b ../nios_soft_lab_3_bsp/\libhal_bsp.a(alt_icache_flush_all.o)
 .debug_pubnames
                0x000001b1       0x31 ../nios_soft_lab_3_bsp/\libhal_bsp.a(altera_nios2_qsys_irq.o)
 .debug_pubnames
                0x000001e2       0x1d c:/altera/13.0sp1/nios2eds/bin/gnu/h-i686-mingw32/bin/../lib/gcc/nios2-elf/4.1.2/../../../../nios2-elf/lib/mno-hw-mul\libsmallc.a(lib_a-strlen.o)
 .debug_pubnames
                0x000001ff       0x48 c:/altera/13.0sp1/nios2eds/bin/gnu/h-i686-mingw32/bin/../lib/gcc/nios2-elf/4.1.2/mno-hw-mul\libgcc.a(lib2-divmod.o)
 .debug_pubnames
                0x00000247       0x1f c:/altera/13.0sp1/nios2eds/bin/gnu/h-i686-mingw32/bin/../lib/gcc/nios2-elf/4.1.2/mno-hw-mul\libgcc.a(lib2-mul.o)

.debug_info     0x00000000      0xe6f
 *(.debug_info .gnu.linkonce.wi.*)
 .debug_info    0x00000000       0x87 ../nios_soft_lab_3_bsp//obj/HAL/src/crt0.o
 .debug_info    0x00000087       0xd1 obj/default/hello_world_small.o
 .debug_info    0x00000158      0x12e ../nios_soft_lab_3_bsp/\libhal_bsp.a(alt_load.o)
 .debug_info    0x00000286      0x125 ../nios_soft_lab_3_bsp/\libhal_bsp.a(alt_main.o)
 .debug_info    0x000003ab       0xc5 ../nios_soft_lab_3_bsp/\libhal_bsp.a(alt_putstr.o)
 .debug_info    0x00000470       0xab ../nios_soft_lab_3_bsp/\libhal_bsp.a(alt_usleep.o)
 .debug_info    0x0000051b      0x17d ../nios_soft_lab_3_bsp/\libhal_bsp.a(alt_sys_init.o)
 .debug_info    0x00000698      0x18f ../nios_soft_lab_3_bsp/\libhal_bsp.a(altera_avalon_jtag_uart_write.o)
 .debug_info    0x00000827       0xd0 ../nios_soft_lab_3_bsp/\libhal_bsp.a(alt_busy_sleep.o)
 .debug_info    0x000008f7       0x8d ../nios_soft_lab_3_bsp/\libhal_bsp.a(alt_dcache_flush_all.o)
 .debug_info    0x00000984       0x8d ../nios_soft_lab_3_bsp/\libhal_bsp.a(alt_icache_flush_all.o)
 .debug_info    0x00000a11       0x8d ../nios_soft_lab_3_bsp/\libhal_bsp.a(altera_nios2_qsys_irq.o)
 .debug_info    0x00000a9e       0xc2 c:/altera/13.0sp1/nios2eds/bin/gnu/h-i686-mingw32/bin/../lib/gcc/nios2-elf/4.1.2/../../../../nios2-elf/lib/mno-hw-mul\libsmallc.a(lib_a-strlen.o)
 .debug_info    0x00000b60      0x21c c:/altera/13.0sp1/nios2eds/bin/gnu/h-i686-mingw32/bin/../lib/gcc/nios2-elf/4.1.2/mno-hw-mul\libgcc.a(lib2-divmod.o)
 .debug_info    0x00000d7c       0xf3 c:/altera/13.0sp1/nios2eds/bin/gnu/h-i686-mingw32/bin/../lib/gcc/nios2-elf/4.1.2/mno-hw-mul\libgcc.a(lib2-mul.o)

.debug_abbrev   0x00000000      0x78d
 *(.debug_abbrev)
 .debug_abbrev  0x00000000       0x12 ../nios_soft_lab_3_bsp//obj/HAL/src/crt0.o
 .debug_abbrev  0x00000012       0x87 obj/default/hello_world_small.o
 .debug_abbrev  0x00000099       0x97 ../nios_soft_lab_3_bsp/\libhal_bsp.a(alt_load.o)
 .debug_abbrev  0x00000130       0xa6 ../nios_soft_lab_3_bsp/\libhal_bsp.a(alt_main.o)
 .debug_abbrev  0x000001d6       0x7c ../nios_soft_lab_3_bsp/\libhal_bsp.a(alt_putstr.o)
 .debug_abbrev  0x00000252       0x5d ../nios_soft_lab_3_bsp/\libhal_bsp.a(alt_usleep.o)
 .debug_abbrev  0x000002af       0xe3 ../nios_soft_lab_3_bsp/\libhal_bsp.a(alt_sys_init.o)
 .debug_abbrev  0x00000392       0xf0 ../nios_soft_lab_3_bsp/\libhal_bsp.a(altera_avalon_jtag_uart_write.o)
 .debug_abbrev  0x00000482       0x79 ../nios_soft_lab_3_bsp/\libhal_bsp.a(alt_busy_sleep.o)
 .debug_abbrev  0x000004fb       0x3f ../nios_soft_lab_3_bsp/\libhal_bsp.a(alt_dcache_flush_all.o)
 .debug_abbrev  0x0000053a       0x3f ../nios_soft_lab_3_bsp/\libhal_bsp.a(alt_icache_flush_all.o)
 .debug_abbrev  0x00000579       0x3f ../nios_soft_lab_3_bsp/\libhal_bsp.a(altera_nios2_qsys_irq.o)
 .debug_abbrev  0x000005b8       0x7a c:/altera/13.0sp1/nios2eds/bin/gnu/h-i686-mingw32/bin/../lib/gcc/nios2-elf/4.1.2/../../../../nios2-elf/lib/mno-hw-mul\libsmallc.a(lib_a-strlen.o)
 .debug_abbrev  0x00000632       0xe0 c:/altera/13.0sp1/nios2eds/bin/gnu/h-i686-mingw32/bin/../lib/gcc/nios2-elf/4.1.2/mno-hw-mul\libgcc.a(lib2-divmod.o)
 .debug_abbrev  0x00000712       0x7b c:/altera/13.0sp1/nios2eds/bin/gnu/h-i686-mingw32/bin/../lib/gcc/nios2-elf/4.1.2/mno-hw-mul\libgcc.a(lib2-mul.o)

.debug_line     0x00000000     0x1e83
 *(.debug_line)
 .debug_line    0x00000000       0x66 ../nios_soft_lab_3_bsp//obj/HAL/src/crt0.o
 .debug_line    0x00000066      0x2a0 obj/default/hello_world_small.o
 .debug_line    0x00000306      0x217 ../nios_soft_lab_3_bsp/\libhal_bsp.a(alt_load.o)
 .debug_line    0x0000051d      0x2c2 ../nios_soft_lab_3_bsp/\libhal_bsp.a(alt_main.o)
 .debug_line    0x000007df      0x1d9 ../nios_soft_lab_3_bsp/\libhal_bsp.a(alt_putstr.o)
 .debug_line    0x000009b8      0x202 ../nios_soft_lab_3_bsp/\libhal_bsp.a(alt_usleep.o)
 .debug_line    0x00000bba      0x286 ../nios_soft_lab_3_bsp/\libhal_bsp.a(alt_sys_init.o)
 .debug_line    0x00000e40      0x2f4 ../nios_soft_lab_3_bsp/\libhal_bsp.a(altera_avalon_jtag_uart_write.o)
 .debug_line    0x00001134      0x25e ../nios_soft_lab_3_bsp/\libhal_bsp.a(alt_busy_sleep.o)
 .debug_line    0x00001392      0x1b5 ../nios_soft_lab_3_bsp/\libhal_bsp.a(alt_dcache_flush_all.o)
 .debug_line    0x00001547      0x1b5 ../nios_soft_lab_3_bsp/\libhal_bsp.a(alt_icache_flush_all.o)
 .debug_line    0x000016fc      0x1ce ../nios_soft_lab_3_bsp/\libhal_bsp.a(altera_nios2_qsys_irq.o)
 .debug_line    0x000018ca      0x250 c:/altera/13.0sp1/nios2eds/bin/gnu/h-i686-mingw32/bin/../lib/gcc/nios2-elf/4.1.2/../../../../nios2-elf/lib/mno-hw-mul\libsmallc.a(lib_a-strlen.o)
 .debug_line    0x00001b1a      0x24f c:/altera/13.0sp1/nios2eds/bin/gnu/h-i686-mingw32/bin/../lib/gcc/nios2-elf/4.1.2/mno-hw-mul\libgcc.a(lib2-divmod.o)
 .debug_line    0x00001d69      0x11a c:/altera/13.0sp1/nios2eds/bin/gnu/h-i686-mingw32/bin/../lib/gcc/nios2-elf/4.1.2/mno-hw-mul\libgcc.a(lib2-mul.o)

.debug_frame    0x00000000      0x268
 *(.debug_frame)
 .debug_frame   0x00000000       0x30 obj/default/hello_world_small.o
 .debug_frame   0x00000030       0x38 ../nios_soft_lab_3_bsp/\libhal_bsp.a(alt_load.o)
 .debug_frame   0x00000068       0x28 ../nios_soft_lab_3_bsp/\libhal_bsp.a(alt_main.o)
 .debug_frame   0x00000090       0x28 ../nios_soft_lab_3_bsp/\libhal_bsp.a(alt_putstr.o)
 .debug_frame   0x000000b8       0x20 ../nios_soft_lab_3_bsp/\libhal_bsp.a(alt_usleep.o)
 .debug_frame   0x000000d8       0x38 ../nios_soft_lab_3_bsp/\libhal_bsp.a(alt_sys_init.o)
 .debug_frame   0x00000110       0x20 ../nios_soft_lab_3_bsp/\libhal_bsp.a(altera_avalon_jtag_uart_write.o)
 .debug_frame   0x00000130       0x28 ../nios_soft_lab_3_bsp/\libhal_bsp.a(alt_busy_sleep.o)
 .debug_frame   0x00000158       0x20 ../nios_soft_lab_3_bsp/\libhal_bsp.a(alt_dcache_flush_all.o)
 .debug_frame   0x00000178       0x20 ../nios_soft_lab_3_bsp/\libhal_bsp.a(alt_icache_flush_all.o)
 .debug_frame   0x00000198       0x20 ../nios_soft_lab_3_bsp/\libhal_bsp.a(altera_nios2_qsys_irq.o)
 .debug_frame   0x000001b8       0x20 c:/altera/13.0sp1/nios2eds/bin/gnu/h-i686-mingw32/bin/../lib/gcc/nios2-elf/4.1.2/../../../../nios2-elf/lib/mno-hw-mul\libsmallc.a(lib_a-strlen.o)
 .debug_frame   0x000001d8       0x70 c:/altera/13.0sp1/nios2eds/bin/gnu/h-i686-mingw32/bin/../lib/gcc/nios2-elf/4.1.2/mno-hw-mul\libgcc.a(lib2-divmod.o)
 .debug_frame   0x00000248       0x20 c:/altera/13.0sp1/nios2eds/bin/gnu/h-i686-mingw32/bin/../lib/gcc/nios2-elf/4.1.2/mno-hw-mul\libgcc.a(lib2-mul.o)

.debug_str      0x00000000      0x6f4
 *(.debug_str)
 .debug_str     0x00000000       0xda obj/default/hello_world_small.o
                                0x118 (size before relaxing)
 .debug_str     0x000000da      0x147 ../nios_soft_lab_3_bsp/\libhal_bsp.a(alt_load.o)
                                0x1dc (size before relaxing)
 .debug_str     0x00000221       0x75 ../nios_soft_lab_3_bsp/\libhal_bsp.a(alt_main.o)
                                0x160 (size before relaxing)
 .debug_str     0x00000296       0x4c ../nios_soft_lab_3_bsp/\libhal_bsp.a(alt_putstr.o)
                                0x137 (size before relaxing)
 .debug_str     0x000002e2       0x27 ../nios_soft_lab_3_bsp/\libhal_bsp.a(alt_usleep.o)
                                0x112 (size before relaxing)
 .debug_str     0x00000309       0x85 ../nios_soft_lab_3_bsp/\libhal_bsp.a(alt_sys_init.o)
                                0x1d5 (size before relaxing)
 .debug_str     0x0000038e       0x56 ../nios_soft_lab_3_bsp/\libhal_bsp.a(altera_avalon_jtag_uart_write.o)
                                0x1d8 (size before relaxing)
 .debug_str     0x000003e4       0x42 ../nios_soft_lab_3_bsp/\libhal_bsp.a(alt_busy_sleep.o)
                                0x135 (size before relaxing)
 .debug_str     0x00000426       0x34 ../nios_soft_lab_3_bsp/\libhal_bsp.a(alt_dcache_flush_all.o)
                                0x11f (size before relaxing)
 .debug_str     0x0000045a       0x34 ../nios_soft_lab_3_bsp/\libhal_bsp.a(alt_icache_flush_all.o)
                                0x11f (size before relaxing)
 .debug_str     0x0000048e       0x3b ../nios_soft_lab_3_bsp/\libhal_bsp.a(altera_nios2_qsys_irq.o)
                                0x126 (size before relaxing)
 .debug_str     0x000004c9       0xe9 c:/altera/13.0sp1/nios2eds/bin/gnu/h-i686-mingw32/bin/../lib/gcc/nios2-elf/4.1.2/../../../../nios2-elf/lib/mno-hw-mul\libsmallc.a(lib_a-strlen.o)
                                0x184 (size before relaxing)
 .debug_str     0x000005b2      0x10b c:/altera/13.0sp1/nios2eds/bin/gnu/h-i686-mingw32/bin/../lib/gcc/nios2-elf/4.1.2/mno-hw-mul\libgcc.a(lib2-divmod.o)
                                0x1b4 (size before relaxing)
 .debug_str     0x000006bd       0x37 c:/altera/13.0sp1/nios2eds/bin/gnu/h-i686-mingw32/bin/../lib/gcc/nios2-elf/4.1.2/mno-hw-mul\libgcc.a(lib2-mul.o)
                                0x175 (size before relaxing)

.debug_loc      0x00000000      0x39f
 *(.debug_loc)
 .debug_loc     0x00000000       0x1f obj/default/hello_world_small.o
 .debug_loc     0x0000001f       0x1f ../nios_soft_lab_3_bsp/\libhal_bsp.a(alt_load.o)
 .debug_loc     0x0000003e       0x1f ../nios_soft_lab_3_bsp/\libhal_bsp.a(alt_main.o)
 .debug_loc     0x0000005d       0x48 ../nios_soft_lab_3_bsp/\libhal_bsp.a(alt_putstr.o)
 .debug_loc     0x000000a5       0x13 ../nios_soft_lab_3_bsp/\libhal_bsp.a(alt_usleep.o)
 .debug_loc     0x000000b8       0x32 ../nios_soft_lab_3_bsp/\libhal_bsp.a(alt_sys_init.o)
 .debug_loc     0x000000ea       0x26 ../nios_soft_lab_3_bsp/\libhal_bsp.a(altera_avalon_jtag_uart_write.o)
 .debug_loc     0x00000110       0x50 ../nios_soft_lab_3_bsp/\libhal_bsp.a(alt_busy_sleep.o)
 .debug_loc     0x00000160       0x1e c:/altera/13.0sp1/nios2eds/bin/gnu/h-i686-mingw32/bin/../lib/gcc/nios2-elf/4.1.2/../../../../nios2-elf/lib/mno-hw-mul\libsmallc.a(lib_a-strlen.o)
 .debug_loc     0x0000017e      0x1d2 c:/altera/13.0sp1/nios2eds/bin/gnu/h-i686-mingw32/bin/../lib/gcc/nios2-elf/4.1.2/mno-hw-mul\libgcc.a(lib2-divmod.o)
 .debug_loc     0x00000350       0x4f c:/altera/13.0sp1/nios2eds/bin/gnu/h-i686-mingw32/bin/../lib/gcc/nios2-elf/4.1.2/mno-hw-mul\libgcc.a(lib2-mul.o)

.debug_macinfo
 *(.debug_macinfo)

.debug_weaknames
 *(.debug_weaknames)

.debug_funcnames
 *(.debug_funcnames)

.debug_typenames
 *(.debug_typenames)

.debug_varnames
 *(.debug_varnames)

.debug_alt_sim_info
                0x00000000       0x40
 *(.debug_alt_sim_info)
 .debug_alt_sim_info
                0x00000000       0x10 ../nios_soft_lab_3_bsp//obj/HAL/src/crt0.o
 .debug_alt_sim_info
                0x00000010       0x30 ../nios_soft_lab_3_bsp/\libhal_bsp.a(alt_busy_sleep.o)
                0x0000ce20                __alt_data_end = 0xce20
                0x0000ce20                PROVIDE (__alt_stack_pointer, __alt_data_end)
                0x00008500                PROVIDE (__alt_stack_limit, __alt_stack_base)
                0x00008500                PROVIDE (__alt_heap_start, end)
                0x0000ce20                PROVIDE (__alt_heap_limit, 0xce20)
OUTPUT(nios_soft_lab_3.elf elf32-littlenios2)

.debug_ranges   0x00000000       0x20
 .debug_ranges  0x00000000       0x20 ../nios_soft_lab_3_bsp//obj/HAL/src/crt0.o
